Archive member included to satisfy reference by file (symbol)

/home/luong/workspace/tools/gcc-arm-none-eabi-10.3-2021.10/arm-none-eabi/lib/thumb/v7-m/nofp/libc.a(lib_a-atof.o)
                              build_ChungGame_embedded/WString.o (atof)
/home/luong/workspace/tools/gcc-arm-none-eabi-10.3-2021.10/arm-none-eabi/lib/thumb/v7-m/nofp/libc.a(lib_a-atol.o)
                              build_ChungGame_embedded/WString.o (atol)
/home/luong/workspace/tools/gcc-arm-none-eabi-10.3-2021.10/arm-none-eabi/lib/thumb/v7-m/nofp/libc.a(lib_a-isspace.o)
                              build_ChungGame_embedded/WString.o (isspace)
/home/luong/workspace/tools/gcc-arm-none-eabi-10.3-2021.10/arm-none-eabi/lib/thumb/v7-m/nofp/libc.a(lib_a-malloc.o)
                              build_ChungGame_embedded/message.o (malloc)
/home/luong/workspace/tools/gcc-arm-none-eabi-10.3-2021.10/arm-none-eabi/lib/thumb/v7-m/nofp/libc.a(lib_a-mallocr.o)
                              /home/luong/workspace/tools/gcc-arm-none-eabi-10.3-2021.10/arm-none-eabi/lib/thumb/v7-m/nofp/libc.a(lib_a-malloc.o) (_malloc_r)
/home/luong/workspace/tools/gcc-arm-none-eabi-10.3-2021.10/arm-none-eabi/lib/thumb/v7-m/nofp/libc.a(lib_a-memcmp.o)
                              build_ChungGame_embedded/mbmfuncfiles.o (memcmp)
/home/luong/workspace/tools/gcc-arm-none-eabi-10.3-2021.10/arm-none-eabi/lib/thumb/v7-m/nofp/libc.a(lib_a-memcpy.o)
                              build_ChungGame_embedded/message.o (memcpy)
/home/luong/workspace/tools/gcc-arm-none-eabi-10.3-2021.10/arm-none-eabi/lib/thumb/v7-m/nofp/libc.a(lib_a-memmove.o)
                              build_ChungGame_embedded/WString.o (memmove)
/home/luong/workspace/tools/gcc-arm-none-eabi-10.3-2021.10/arm-none-eabi/lib/thumb/v7-m/nofp/libc.a(lib_a-memset.o)
                              build_ChungGame_embedded/task.o (memset)
/home/luong/workspace/tools/gcc-arm-none-eabi-10.3-2021.10/arm-none-eabi/lib/thumb/v7-m/nofp/libc.a(lib_a-mlock.o)
                              /home/luong/workspace/tools/gcc-arm-none-eabi-10.3-2021.10/arm-none-eabi/lib/thumb/v7-m/nofp/libc.a(lib_a-mallocr.o) (__malloc_lock)
/home/luong/workspace/tools/gcc-arm-none-eabi-10.3-2021.10/arm-none-eabi/lib/thumb/v7-m/nofp/libc.a(lib_a-rand.o)
                              build_ChungGame_embedded/WMath.o (srand)
/home/luong/workspace/tools/gcc-arm-none-eabi-10.3-2021.10/arm-none-eabi/lib/thumb/v7-m/nofp/libc.a(lib_a-realloc.o)
                              build_ChungGame_embedded/WString.o (realloc)
/home/luong/workspace/tools/gcc-arm-none-eabi-10.3-2021.10/arm-none-eabi/lib/thumb/v7-m/nofp/libc.a(lib_a-reallocr.o)
                              /home/luong/workspace/tools/gcc-arm-none-eabi-10.3-2021.10/arm-none-eabi/lib/thumb/v7-m/nofp/libc.a(lib_a-realloc.o) (_realloc_r)
/home/luong/workspace/tools/gcc-arm-none-eabi-10.3-2021.10/arm-none-eabi/lib/thumb/v7-m/nofp/libc.a(lib_a-sbrkr.o)
                              /home/luong/workspace/tools/gcc-arm-none-eabi-10.3-2021.10/arm-none-eabi/lib/thumb/v7-m/nofp/libc.a(lib_a-mallocr.o) (_sbrk_r)
/home/luong/workspace/tools/gcc-arm-none-eabi-10.3-2021.10/arm-none-eabi/lib/thumb/v7-m/nofp/libc.a(lib_a-sprintf.o)
                              build_ChungGame_embedded/Score.o (sprintf)
/home/luong/workspace/tools/gcc-arm-none-eabi-10.3-2021.10/arm-none-eabi/lib/thumb/v7-m/nofp/libc.a(lib_a-strcat.o)
                              build_ChungGame_embedded/dtostrf.o (strcat)
/home/luong/workspace/tools/gcc-arm-none-eabi-10.3-2021.10/arm-none-eabi/lib/thumb/v7-m/nofp/libc.a(lib_a-strchr.o)
                              build_ChungGame_embedded/WString.o (strchr)
/home/luong/workspace/tools/gcc-arm-none-eabi-10.3-2021.10/arm-none-eabi/lib/thumb/v7-m/nofp/libc.a(lib_a-strcmp.o)
                              build_ChungGame_embedded/cmd_line.o (strcmp)
/home/luong/workspace/tools/gcc-arm-none-eabi-10.3-2021.10/arm-none-eabi/lib/thumb/v7-m/nofp/libc.a(lib_a-strcpy.o)
                              build_ChungGame_embedded/sys_dbg.o (strcpy)
/home/luong/workspace/tools/gcc-arm-none-eabi-10.3-2021.10/arm-none-eabi/lib/thumb/v7-m/nofp/libc.a(lib_a-strlen-stub.o)
                              build_ChungGame_embedded/xprintf.o (strlen)
/home/luong/workspace/tools/gcc-arm-none-eabi-10.3-2021.10/arm-none-eabi/lib/thumb/v7-m/nofp/libc.a(lib_a-strncmp.o)
                              build_ChungGame_embedded/WString.o (strncmp)
/home/luong/workspace/tools/gcc-arm-none-eabi-10.3-2021.10/arm-none-eabi/lib/thumb/v7-m/nofp/libc.a(lib_a-strncpy.o)
                              build_ChungGame_embedded/WString.o (strncpy)
/home/luong/workspace/tools/gcc-arm-none-eabi-10.3-2021.10/arm-none-eabi/lib/thumb/v7-m/nofp/libc.a(lib_a-strrchr.o)
                              build_ChungGame_embedded/WString.o (strrchr)
/home/luong/workspace/tools/gcc-arm-none-eabi-10.3-2021.10/arm-none-eabi/lib/thumb/v7-m/nofp/libc.a(lib_a-strstr.o)
                              build_ChungGame_embedded/WString.o (strstr)
[...]
Memory Configuration

Name             Origin             Length             Attributes
BSF              0x0000000008002000 0x0000000000001000 xr
FLASH            0x0000000008003000 0x000000000001d000 xr
SRAM             0x0000000020000000 0x0000000000004000 xrw
*default*        0x0000000000000000 0xffffffffffffffff

Linker script and memory map

                0x0000000000000800                HEAP_SIZE = 0x800

.start_boot_share_data_flash
                0x0000000008002000        0x0
                0x0000000008002000                _start_boot_share_data_flash = .

.start_flash    0x0000000008003000        0x0
                0x0000000008003000                _start_flash = .

.isr_vector     0x0000000008003000       0xf4
                0x0000000008003000                _isr_vector = .
 *(.isr_vector)
 .isr_vector    0x0000000008003000       0xf4 build_ChungGame_embedded/system.o
                0x0000000008003000                isr_vector
                0x00000000080030f4                . = ALIGN (0x4)

.text           0x00000000080030f8    0x15660
                0x00000000080030f8                . = ALIGN (0x4)
 *(.text)
 .text          0x00000000080030f8       0xec /home/luong/workspace/tools/gcc-arm-none-eabi-10.3-2021.10/arm-none-eabi/lib/thumb/v7-m/nofp/libc.a(lib_a-memcpy.o)
                0x00000000080030f8                memcpy
 .text          0x00000000080031e4      0x1bc /home/luong/workspace/tools/gcc-arm-none-eabi-10.3-2021.10/arm-none-eabi/lib/thumb/v7-m/nofp/libc.a(lib_a-strcmp.o)
                0x00000000080031e4                strcmp
 .text          0x00000000080033a0      0x378 /home/luong/workspace/tools/gcc-arm-none-eabi-10.3-2021.10/lib/gcc/arm-none-eabi/10.3.1/thumb/v7-m/nofp/libgcc.a(_arm_addsubdf3.o)
                0x00000000080033a0                __aeabi_drsub
                0x00000000080033a8                __aeabi_dsub
                0x00000000080033a8                __subdf3
                0x00000000080033ac                __adddf3
                0x00000000080033ac                __aeabi_dadd
                0x0000000008003624                __aeabi_ui2d
                0x0000000008003624                __floatunsidf
                0x0000000008003644                __floatsidf
                0x0000000008003644                __aeabi_i2d
                0x0000000008003668                __extendsfdf2
                0x0000000008003668                __aeabi_f2d
                0x00000000080036ac                __aeabi_ul2d
                0x00000000080036ac                __floatundidf
                0x00000000080036bc                __floatdidf
                0x00000000080036bc                __aeabi_l2d
 .text          0x0000000008003718      0x424 /home/luong/workspace/tools/gcc-arm-none-eabi-10.3-2021.10/lib/gcc/arm-none-eabi/10.3.1/thumb/v7-m/nofp/libgcc.a(_arm_muldivdf3.o)
                0x0000000008003718                __aeabi_dmul
                0x0000000008003718                __muldf3
                0x000000000800396c                __aeabi_ddiv
                0x000000000800396c                __divdf3
 .text          0x0000000008003b3c      0x110 /home/luong/workspace/tools/gcc-arm-none-eabi-10.3-2021.10/lib/gcc/arm-none-eabi/10.3.1/thumb/v7-m/nofp/libgcc.a(_arm_cmpdf2.o)
                0x0000000008003b3c                __gtdf2
                0x0000000008003b3c                __gedf2
                0x0000000008003b44                __ltdf2
                0x0000000008003b44                __ledf2
                0x0000000008003b4c                __cmpdf2
                0x0000000008003b4c                __eqdf2
                0x0000000008003b4c                __nedf2
                0x0000000008003bc8                __aeabi_cdrcmple
                0x0000000008003bd8                __aeabi_cdcmple
                0x0000000008003bd8                __aeabi_cdcmpeq
                0x0000000008003be8                __aeabi_dcmpeq
                0x0000000008003bfc                __aeabi_dcmplt
                0x0000000008003c10                __aeabi_dcmple
                0x0000000008003c24                __aeabi_dcmpge
                0x0000000008003c38                __aeabi_dcmpgt
 .text          0x0000000008003c4c       0x2c /home/luong/workspace/tools/gcc-arm-none-eabi-10.3-2021.10/lib/gcc/arm-none-eabi/10.3.1/thumb/v7-m/nofp/libgcc.a(_arm_unorddf2.o)
                0x0000000008003c4c                __aeabi_dcmpun
                0x0000000008003c4c                __unorddf2
 .text          0x0000000008003c78       0x50 /home/luong/workspace/tools/gcc-arm-none-eabi-10.3-2021.10/lib/gcc/arm-none-eabi/10.3.1/thumb/v7-m/nofp/libgcc.a(_arm_fixdfsi.o)
                0x0000000008003c78                __fixdfsi
                0x0000000008003c78                __aeabi_d2iz
 .text          0x0000000008003cc8       0x40 /home/luong/workspace/tools/gcc-arm-none-eabi-10.3-2021.10/lib/gcc/arm-none-eabi/10.3.1/thumb/v7-m/nofp/libgcc.a(_arm_fixunsdfsi.o)
                0x0000000008003cc8                __fixunsdfsi
                0x0000000008003cc8                __aeabi_d2uiz
 .text          0x0000000008003d08      0x21c /home/luong/workspace/tools/gcc-arm-none-eabi-10.3-2021.10/lib/gcc/arm-none-eabi/10.3.1/thumb/v7-m/nofp/libgcc.a(_arm_addsubsf3.o)
                0x0000000008003d08                __aeabi_frsub
                0x0000000008003d10                __subsf3
                0x0000000008003d10                __aeabi_fsub
                0x0000000008003d14                __aeabi_fadd
                0x0000000008003d14                __addsf3
                0x0000000008003e74                __aeabi_ui2f
                0x0000000008003e74                __floatunsisf
                0x0000000008003e7c                __aeabi_i2f
                0x0000000008003e7c                __floatsisf
                0x0000000008003e98                __floatundisf
                0x0000000008003e98                __aeabi_ul2f
                0x0000000008003ea8                __floatdisf
                0x0000000008003ea8                __aeabi_l2f
 .text          0x0000000008003f24       0x30 /home/luong/workspace/tools/gcc-arm-none-eabi-10.3-2021.10/lib/gcc/arm-none-eabi/10.3.1/thumb/v7-m/nofp/libgcc.a(_aeabi_uldivmod.o)
                0x0000000008003f24                __aeabi_uldivmod
 .text          0x0000000008003f54      0x2d4 /home/luong/workspace/tools/gcc-arm-none-eabi-10.3-2021.10/lib/gcc/arm-none-eabi/10.3.1/thumb/v7-m/nofp/libgcc.a(_udivmoddi4.o)
                0x0000000008003f54                __udivmoddi4
 .text          0x0000000008004228        0x4 /home/luong/workspace/tools/gcc-arm-none-eabi-10.3-2021.10/lib/gcc/arm-none-eabi/10.3.1/thumb/v7-m/nofp/libgcc.a(_dvmd_tls.o)
                0x0000000008004228                __aeabi_ldiv0
                0x0000000008004228                __aeabi_idiv0
 *(.text*)
 .text.fsm_dispatch
                0x000000000800422c        0x6 build_ChungGame_embedded/fsm.o
                0x000000000800422c                fsm_dispatch
 *fill*         0x0000000008004232        0x2 
 .text.task_create
                0x0000000008004234       0x3c build_ChungGame_embedded/task.o
                0x0000000008004234                task_create
 .text.task_polling_create
                0x0000000008004270       0x34 build_ChungGame_embedded/task.o
                0x0000000008004270                task_polling_create
 .text.task_post
                0x00000000080042a4       0x84 build_ChungGame_embedded/task.o
                0x00000000080042a4                task_post
 .text.task_remove_msg
                0x0000000008004328       0xb4 build_ChungGame_embedded/task.o
                0x0000000008004328                task_remove_msg
 .text.task_post_pure_msg
                0x00000000080043dc       0x18 build_ChungGame_embedded/task.o
                0x00000000080043dc                task_post_pure_msg
 .text.task_post_common_msg
                0x00000000080043f4       0x2a build_ChungGame_embedded/task.o
                0x00000000080043f4                task_post_common_msg
 *fill*         0x000000000800441e        0x2 
 .text.task_entry_interrupt
                0x0000000008004420       0x1c build_ChungGame_embedded/task.o
                0x0000000008004420                task_entry_interrupt
 .text.task_exit_interrupt
                0x000000000800443c       0x24 build_ChungGame_embedded/task.o
                0x000000000800443c                task_exit_interrupt
 .text.task_init
                0x0000000008004460       0x40 build_ChungGame_embedded/task.o
                0x0000000008004460                task_init
 .text.task_polling_run
                0x00000000080044a0       0x34 build_ChungGame_embedded/task.o
                0x00000000080044a0                task_polling_run
 .text.task_run
                0x00000000080044d4      0x138 build_ChungGame_embedded/task.o
                0x00000000080044d4                task_run
 .text.get_current_task_id
                0x000000000800460c        0xc build_ChungGame_embedded/task.o
                0x000000000800460c                get_current_task_id
 .text.get_current_task_info
                0x0000000008004618        0x8 build_ChungGame_embedded/task.o
                0x0000000008004618                get_current_task_info
 .text.get_current_active_object
                0x0000000008004620        0x8 build_ChungGame_embedded/task.o
                0x0000000008004620                get_current_active_object
 .text.timer_remove_msg
                0x0000000008004628       0x64 build_ChungGame_embedded/timer.o
 .text.task_timer_tick
                0x000000000800468c       0x7c build_ChungGame_embedded/timer.o
                0x000000000800468c                task_timer_tick
 .text.timer_init
                0x0000000008004708       0x6c build_ChungGame_embedded/timer.o
                0x0000000008004708                timer_init
 .text.timer_tick
                0x0000000008004774       0x38 build_ChungGame_embedded/timer.o
                0x0000000008004774                timer_tick
 .text.timer_set
                0x00000000080047ac       0x98 build_ChungGame_embedded/timer.o
                0x00000000080047ac                timer_set
 .text.timer_remove_attr
                0x0000000008004844       0x18 build_ChungGame_embedded/timer.o
                0x0000000008004844                timer_remove_attr
 .text.free_common_msg
                0x000000000800485c       0x28 build_ChungGame_embedded/message.o
 .text.free_pure_msg
                0x0000000008004884       0x28 build_ChungGame_embedded/message.o
 .text.free_dynamic_msg
                0x00000000080048ac       0x30 build_ChungGame_embedded/message.o
 .text.msg_init
                0x00000000080048dc      0x100 build_ChungGame_embedded/message.o
                0x00000000080048dc                msg_init
 .text.msg_force_free
                0x00000000080049dc       0x44 build_ChungGame_embedded/message.o
                0x00000000080049dc                msg_force_free
 .text.msg_inc_ref_count
                0x0000000008004a20       0x2c build_ChungGame_embedded/message.o
                0x0000000008004a20                msg_inc_ref_count
 .text.msg_dec_ref_count
                0x0000000008004a4c       0x28 build_ChungGame_embedded/message.o
                0x0000000008004a4c                msg_dec_ref_count
 .text.msg_free
                0x0000000008004a74       0x58 build_ChungGame_embedded/message.o
                0x0000000008004a74                msg_free
 .text.ak_malloc
                0x0000000008004acc       0x50 build_ChungGame_embedded/message.o
                0x0000000008004acc                ak_malloc
 .text.ak_free  0x0000000008004b1c        0x4 build_ChungGame_embedded/message.o
                0x0000000008004b1c                ak_free
 .text.get_pure_msg
                0x0000000008004b20       0x5c build_ChungGame_embedded/message.o
                0x0000000008004b20                get_pure_msg
 .text.get_common_msg
                0x0000000008004b7c       0x60 build_ChungGame_embedded/message.o
                0x0000000008004b7c                get_common_msg
 .text.set_data_common_msg
                0x0000000008004bdc       0x4c build_ChungGame_embedded/message.o
                0x0000000008004bdc                set_data_common_msg
 .text.get_data_common_msg
                0x0000000008004c28       0x28 build_ChungGame_embedded/message.o
                0x0000000008004c28                get_data_common_msg
 .text.get_data_len_common_msg
                0x0000000008004c50       0x28 build_ChungGame_embedded/message.o
                0x0000000008004c50                get_data_len_common_msg
 .text.get_dynamic_msg
                0x0000000008004c78       0x64 build_ChungGame_embedded/message.o
                0x0000000008004c78                get_dynamic_msg
 .text.set_data_dynamic_msg
                0x0000000008004cdc       0x3c build_ChungGame_embedded/message.o
                0x0000000008004cdc                set_data_dynamic_msg
 .text.get_data_dynamic_msg
                0x0000000008004d18       0x28 build_ChungGame_embedded/message.o
                0x0000000008004d18                get_data_dynamic_msg
 .text.get_data_len_dynamic_msg
                0x0000000008004d40        0x4 build_ChungGame_embedded/message.o
                0x0000000008004d40                get_data_len_dynamic_msg
 .text.log_queue_init
                0x0000000008004d44       0x2e build_ChungGame_embedded/log_queue.o
                0x0000000008004d44                log_queue_init
 .text.log_queue_len
                0x0000000008004d72        0x4 build_ChungGame_embedded/log_queue.o
                0x0000000008004d72                log_queue_len
 .text.log_queue_put
                0x0000000008004d76       0x5c build_ChungGame_embedded/log_queue.o
                0x0000000008004d76                log_queue_put
 .text.log_queue_get
                0x0000000008004dd2       0x30 build_ChungGame_embedded/log_queue.o
                0x0000000008004dd2                log_queue_get
 .text.fifo_init
                0x0000000008004e02       0x12 build_ChungGame_embedded/fifo.o
                0x0000000008004e02                fifo_init
 .text.fifo_availble
                0x0000000008004e14        0x4 build_ChungGame_embedded/fifo.o
                0x0000000008004e14                fifo_availble
 .text.fifo_is_full
                0x0000000008004e18        0xc build_ChungGame_embedded/fifo.o
                0x0000000008004e18                fifo_is_full
 .text.fifo_put
                0x0000000008004e24       0x54 build_ChungGame_embedded/fifo.o
                0x0000000008004e24                fifo_put
 .text.fifo_get
                0x0000000008004e78       0x50 build_ChungGame_embedded/fifo.o
                0x0000000008004e78                fifo_get
 .text.ring_buffer_char_init
                0x0000000008004ec8        0xc build_ChungGame_embedded/ring_buffer.o
                0x0000000008004ec8                ring_buffer_char_init
 .text.ring_buffer_char_is_empty
                0x0000000008004ed4        0xa build_ChungGame_embedded/ring_buffer.o
                0x0000000008004ed4                ring_buffer_char_is_empty
 .text.ring_buffer_char_put
                0x0000000008004ede       0x36 build_ChungGame_embedded/ring_buffer.o
                0x0000000008004ede                ring_buffer_char_put
 .text.ring_buffer_char_get
                0x0000000008004f14       0x26 build_ChungGame_embedded/ring_buffer.o
                0x0000000008004f14                ring_buffer_char_get
 .text.mem_read
                0x0000000008004f3a       0x18 build_ChungGame_embedded/utils.o
                0x0000000008004f3a                mem_read
 .text.mem_write
                0x0000000008004f52       0x1a build_ChungGame_embedded/utils.o
                0x0000000008004f52                mem_write
 *fill*         0x0000000008004f6c        0x4 
 .text.ilog10   0x0000000008004f70       0xd8 build_ChungGame_embedded/xprintf.o
 .text.i10x     0x0000000008005048       0x78 build_ChungGame_embedded/xprintf.o
 .text.xfputc   0x00000000080050c0       0x30 build_ChungGame_embedded/xprintf.o
                0x00000000080050c0                xfputc
 .text.xputc    0x00000000080050f0       0x10 build_ChungGame_embedded/xprintf.o
                0x00000000080050f0                xputc
 .text.xvfprintf
                0x0000000008005100      0x580 build_ChungGame_embedded/xprintf.o
 .text.xprintf  0x0000000008005680       0x24 build_ChungGame_embedded/xprintf.o
                0x0000000008005680                xprintf
 .text.xsprintf
                0x00000000080056a4       0x2c build_ChungGame_embedded/xprintf.o
                0x00000000080056a4                xsprintf
 .text.cmd_line_parser
                0x00000000080056d0       0x7c build_ChungGame_embedded/cmd_line.o
                0x00000000080056d0                cmd_line_parser
 .text.button_init
                0x000000000800574c       0x34 build_ChungGame_embedded/button.o
                0x000000000800574c                button_init
 .text.button_enable
                0x0000000008005780        0x6 build_ChungGame_embedded/button.o
                0x0000000008005780                button_enable
 .text.button_timer_polling
                0x0000000008005786       0x76 build_ChungGame_embedded/button.o
                0x0000000008005786                button_timer_polling
 .text.flash_wait_to_idle
                0x00000000080057fc       0x32 build_ChungGame_embedded/flash.o
 .text.flash_set_write_enable.constprop.0
                0x000000000800582e       0x14 build_ChungGame_embedded/flash.o
 .text.flash_is_connected
                0x0000000008005842       0x22 build_ChungGame_embedded/flash.o
                0x0000000008005842                flash_is_connected
 .text.flash_read
                0x0000000008005864       0x5e build_ChungGame_embedded/flash.o
                0x0000000008005864                flash_read
 .text.flash_write
                0x00000000080058c2       0x6c build_ChungGame_embedded/flash.o
                0x00000000080058c2                flash_write
 .text.flash_erase_sector
                0x000000000800592e       0x48 build_ChungGame_embedded/flash.o
                0x000000000800592e                flash_erase_sector
 .text.flash_erase_block_64k
                0x0000000008005976       0x46 build_ChungGame_embedded/flash.o
                0x0000000008005976                flash_erase_block_64k
 .text.led_init
                0x00000000080059bc       0x20 build_ChungGame_embedded/led.o
                0x00000000080059bc                led_init
 .text.led_on   0x00000000080059dc        0xc build_ChungGame_embedded/led.o
                0x00000000080059dc                led_on
 .text.led_off  0x00000000080059e8        0xc build_ChungGame_embedded/led.o
                0x00000000080059e8                led_off
 .text.led_toggle
                0x00000000080059f4       0x12 build_ChungGame_embedded/led.o
                0x00000000080059f4                led_toggle
 *fill*         0x0000000008005a06        0x2 
 .text.BUZZER_Init
                0x0000000008005a08       0xe0 build_ChungGame_embedded/buzzer.o
                0x0000000008005a08                BUZZER_Init
 .text.BUZZER_Disable
                0x0000000008005ae8       0x38 build_ChungGame_embedded/buzzer.o
                0x0000000008005ae8                BUZZER_Disable
 .text.BUZZER_Enable
                0x0000000008005b20       0x84 build_ChungGame_embedded/buzzer.o
                0x0000000008005b20                BUZZER_Enable
 .text.buzzer_irq
                0x0000000008005ba4       0x98 build_ChungGame_embedded/buzzer.o
                0x0000000008005ba4                buzzer_irq
 .text.BUZZER_PlaySound
                0x0000000008005c3c       0x44 build_ChungGame_embedded/buzzer.o
                0x0000000008005c3c                BUZZER_PlaySound
 .text.getModeBits
                0x0000000008005c80       0x30 build_ChungGame_embedded/qrcode.o
 .text.bb_appendBits
                0x0000000008005cb0       0x58 build_ChungGame_embedded/qrcode.o
 .text.bb_setBit
                0x0000000008005d08       0x28 build_ChungGame_embedded/qrcode.o
 .text.bb_getBit
                0x0000000008005d30       0x1a build_ChungGame_embedded/qrcode.o
 *fill*         0x0000000008005d4a        0x2 
 .text.applyMask
                0x0000000008005d4c      0x110 build_ChungGame_embedded/qrcode.o
 .text.setFunctionModule
                0x0000000008005e5c       0x24 build_ChungGame_embedded/qrcode.o
 .text.drawFinderPattern
                0x0000000008005e80       0x8a build_ChungGame_embedded/qrcode.o
 .text.drawFormatBits
                0x0000000008005f0a      0x114 build_ChungGame_embedded/qrcode.o
 *fill*         0x000000000800601e        0x2 
 .text.getAlphanumeric
                0x0000000008006020       0x34 build_ChungGame_embedded/qrcode.o
 .text.qrcode_getBufferSize
                0x0000000008006054        0xe build_ChungGame_embedded/qrcode.o
                0x0000000008006054                qrcode_getBufferSize
 *fill*         0x0000000008006062        0x2 
 .text.qrcode_initBytes
                0x0000000008006064      0x9e0 build_ChungGame_embedded/qrcode.o
                0x0000000008006064                qrcode_initBytes
 .text.qrcode_initText
                0x0000000008006a44       0x2e build_ChungGame_embedded/qrcode.o
                0x0000000008006a44                qrcode_initText
 .text.qrcode_getModule
                0x0000000008006a72       0x28 build_ChungGame_embedded/qrcode.o
                0x0000000008006a72                qrcode_getModule
 *fill*         0x0000000008006a9a        0x2 
 .text.sys_dbg_cpu_dump
                0x0000000008006a9c       0x4c build_ChungGame_embedded/sys_dbg.o
                0x0000000008006a9c                sys_dbg_cpu_dump
 .text.sys_dbg_stack_space_dump
                0x0000000008006ae8       0x30 build_ChungGame_embedded/sys_dbg.o
                0x0000000008006ae8                sys_dbg_stack_space_dump
 .text.sys_dbg_fatal
                0x0000000008006b18      0x3cc build_ChungGame_embedded/sys_dbg.o
                0x0000000008006b18                sys_dbg_fatal
 .text.sys_boot_init
                0x0000000008006ee4       0x14 build_ChungGame_embedded/sys_boot.o
                0x0000000008006ee4                sys_boot_init
 .text.sys_boot_get
                0x0000000008006ef8        0xc build_ChungGame_embedded/sys_boot.o
                0x0000000008006ef8                sys_boot_get
 .text.sys_boot_set
                0x0000000008006f04       0x34 build_ChungGame_embedded/sys_boot.o
                0x0000000008006f04                sys_boot_set
 .text.eMBExceptionToErrorcode
                0x0000000008006f38       0x14 build_ChungGame_embedded/mbutils.o
                0x0000000008006f38                eMBExceptionToErrorcode
 .text.eMBMReleaseHdl
                0x0000000008006f4c       0x58 build_ChungGame_embedded/mbm.o
 .text.bMBMResponseTimeoutCB
                0x0000000008006fa4       0x18 build_ChungGame_embedded/mbm.o
 .text.bMBMIsHdlValid
                0x0000000008006fbc       0x18 build_ChungGame_embedded/mbm.o
                0x0000000008006fbc                bMBMIsHdlValid
 .text.vMBMMasterTransactionPolled
                0x0000000008006fd4       0xae build_ChungGame_embedded/mbm.o
                0x0000000008006fd4                vMBMMasterTransactionPolled
 *fill*         0x0000000008007082        0x2 
 .text.eMBMSerialInitExt
                0x0000000008007084       0xcc build_ChungGame_embedded/mbm.o
                0x0000000008007084                eMBMSerialInitExt
 .text.usMBMCRC16
                0x0000000008007150       0x2c build_ChungGame_embedded/mbmcrc.o
                0x0000000008007150                usMBMCRC16
 .text.bMBMSerialWaitCB
                0x000000000800717c       0x3c build_ChungGame_embedded/mbmrtu.o
 .text.bMBMSerialRTUT35CB
                0x00000000080071b8       0x58 build_ChungGame_embedded/mbmrtu.o
 .text.bMBMSerialRTUTransmitterEmptyAPIV1CB
                0x0000000008007210       0xb2 build_ChungGame_embedded/mbmrtu.o
 .text.bMBMSerialRTUReceiverAPIV1CB
                0x00000000080072c2       0xa0 build_ChungGame_embedded/mbmrtu.o
 *fill*         0x0000000008007362        0x2 
 .text.eMBMSerialRTUFrameCloseInternal
                0x0000000008007364       0x90 build_ChungGame_embedded/mbmrtu.o
 .text.eMBMSerialRTUFrameReceive
                0x00000000080073f4       0xc4 build_ChungGame_embedded/mbmrtu.o
 .text.eMBMSerialRTUFrameSend
                0x00000000080074b8       0xd0 build_ChungGame_embedded/mbmrtu.o
 .text.eMBMSerialRTUFrameClose
                0x0000000008007588       0x18 build_ChungGame_embedded/mbmrtu.o
 .text.eMBMSerialRTUInit
                0x00000000080075a0      0x118 build_ChungGame_embedded/mbmrtu.o
                0x00000000080075a0                eMBMSerialRTUInit
 .text.vMBMReadHoldingRegistersPolled
                0x00000000080076b8      0x136 build_ChungGame_embedded/mbmfuncholding.o
                0x00000000080076b8                vMBMReadHoldingRegistersPolled
 .text.eMBMReadHoldingRegisters
                0x00000000080077ee       0x42 build_ChungGame_embedded/mbmfuncholding.o
                0x00000000080077ee                eMBMReadHoldingRegisters
 .text.vMBMReadCoilsPolled
                0x0000000008007830      0x114 build_ChungGame_embedded/mbmfunccoils.o
                0x0000000008007830                vMBMReadCoilsPolled
 .text.eMBMReadCoils
                0x0000000008007944       0x42 build_ChungGame_embedded/mbmfunccoils.o
                0x0000000008007944                eMBMReadCoils
 .text.vMBMReadDiscreteInputsPolled
                0x0000000008007986      0x114 build_ChungGame_embedded/mbmfuncdisc.o
                0x0000000008007986                vMBMReadDiscreteInputsPolled
 .text.eMBMReadDiscreteInputs
                0x0000000008007a9a       0x42 build_ChungGame_embedded/mbmfuncdisc.o
                0x0000000008007a9a                eMBMReadDiscreteInputs
 .text.vMBMReadInputRegistersPolled
                0x0000000008007adc      0x120 build_ChungGame_embedded/mbmfuncinput.o
                0x0000000008007adc                vMBMReadInputRegistersPolled
 .text.eMBMReadInputRegisters
                0x0000000008007bfc       0x42 build_ChungGame_embedded/mbmfuncinput.o
                0x0000000008007bfc                eMBMReadInputRegisters
 *fill*         0x0000000008007c3e        0x2 
 .text.eMBPEventCreate
                0x0000000008007c40       0x5c build_ChungGame_embedded/mbportevent.o
                0x0000000008007c40                eMBPEventCreate
 .text.eMBPEventPost
                0x0000000008007c9c       0x2c build_ChungGame_embedded/mbportevent.o
                0x0000000008007c9c                eMBPEventPost
 .text.bMBPEventGet
                0x0000000008007cc8       0x34 build_ChungGame_embedded/mbportevent.o
                0x0000000008007cc8                bMBPEventGet
 .text.vMBPEventDelete
                0x0000000008007cfc       0x2c build_ChungGame_embedded/mbportevent.o
                0x0000000008007cfc                vMBPEventDelete
 .text.vMBPAssert
                0x0000000008007d28       0x1c build_ChungGame_embedded/mbportother.o
                0x0000000008007d28                vMBPAssert
 .text.vMBPEnterCritical
                0x0000000008007d44        0x4 build_ChungGame_embedded/mbportother.o
                0x0000000008007d44                vMBPEnterCritical
 .text.vMBPExitCritical
                0x0000000008007d48        0x4 build_ChungGame_embedded/mbportother.o
                0x0000000008007d48                vMBPExitCritical
 .text.eMBPSerialInit
                0x0000000008007d4c      0x144 build_ChungGame_embedded/mbportserial.o
                0x0000000008007d4c                eMBPSerialInit
 .text.eMBPSerialClose
                0x0000000008007e90       0x58 build_ChungGame_embedded/mbportserial.o
                0x0000000008007e90                eMBPSerialClose
 .text.eMBPSerialTxEnable
                0x0000000008007ee8       0x70 build_ChungGame_embedded/mbportserial.o
                0x0000000008007ee8                eMBPSerialTxEnable
 .text.eMBPSerialRxEnable
                0x0000000008007f58       0x5c build_ChungGame_embedded/mbportserial.o
                0x0000000008007f58                eMBPSerialRxEnable
 .text.vMBPUSART2ISR
                0x0000000008007fb4       0xec build_ChungGame_embedded/mbportserial.o
                0x0000000008007fb4                vMBPUSART2ISR
 .text.eMBPTimerInit
                0x00000000080080a0       0xec build_ChungGame_embedded/mbporttimer.o
                0x00000000080080a0                eMBPTimerInit
 .text.vMBPTimerClose
                0x000000000800818c       0x28 build_ChungGame_embedded/mbporttimer.o
                0x000000000800818c                vMBPTimerClose
 .text.eMBPTimerStart
                0x00000000080081b4       0x2c build_ChungGame_embedded/mbporttimer.o
                0x00000000080081b4                eMBPTimerStart
 .text.eMBPTimerStop
                0x00000000080081e0       0x30 build_ChungGame_embedded/mbporttimer.o
                0x00000000080081e0                eMBPTimerStop
 .text.vMBPTimerISR
                0x0000000008008210       0x58 build_ChungGame_embedded/mbporttimer.o
                0x0000000008008210                vMBPTimerISR
 .text.GPIO_Init
                0x0000000008008268       0x78 build_ChungGame_embedded/stm32l1xx_gpio.o
                0x0000000008008268                GPIO_Init
 .text.GPIO_ReadInputDataBit
                0x00000000080082e0        0xc build_ChungGame_embedded/stm32l1xx_gpio.o
                0x00000000080082e0                GPIO_ReadInputDataBit
 .text.GPIO_SetBits
                0x00000000080082ec        0x4 build_ChungGame_embedded/stm32l1xx_gpio.o
                0x00000000080082ec                GPIO_SetBits
 .text.GPIO_ResetBits
                0x00000000080082f0        0x4 build_ChungGame_embedded/stm32l1xx_gpio.o
                0x00000000080082f0                GPIO_ResetBits
 .text.GPIO_PinAFConfig
                0x00000000080082f4       0x24 build_ChungGame_embedded/stm32l1xx_gpio.o
                0x00000000080082f4                GPIO_PinAFConfig
 .text.RCC_HSICmd
                0x0000000008008318        0xc build_ChungGame_embedded/stm32l1xx_rcc.o
                0x0000000008008318                RCC_HSICmd
 .text.RCC_GetClocksFreq
                0x0000000008008324       0x9c build_ChungGame_embedded/stm32l1xx_rcc.o
                0x0000000008008324                RCC_GetClocksFreq
 .text.RCC_AHBPeriphClockCmd
                0x00000000080083c0       0x18 build_ChungGame_embedded/stm32l1xx_rcc.o
                0x00000000080083c0                RCC_AHBPeriphClockCmd
 .text.RCC_APB2PeriphClockCmd
                0x00000000080083d8       0x18 build_ChungGame_embedded/stm32l1xx_rcc.o
                0x00000000080083d8                RCC_APB2PeriphClockCmd
 .text.RCC_APB1PeriphClockCmd
                0x00000000080083f0       0x18 build_ChungGame_embedded/stm32l1xx_rcc.o
                0x00000000080083f0                RCC_APB1PeriphClockCmd
 .text.RCC_APB2PeriphResetCmd
                0x0000000008008408       0x18 build_ChungGame_embedded/stm32l1xx_rcc.o
                0x0000000008008408                RCC_APB2PeriphResetCmd
 .text.RCC_APB1PeriphResetCmd
                0x0000000008008420       0x18 build_ChungGame_embedded/stm32l1xx_rcc.o
                0x0000000008008420                RCC_APB1PeriphResetCmd
 .text.RCC_GetFlagStatus
                0x0000000008008438       0x20 build_ChungGame_embedded/stm32l1xx_rcc.o
                0x0000000008008438                RCC_GetFlagStatus
 .text.USART_DeInit
                0x0000000008008458       0x9c build_ChungGame_embedded/stm32l1xx_usart.o
                0x0000000008008458                USART_DeInit
 .text.USART_Init
                0x00000000080084f4       0xa4 build_ChungGame_embedded/stm32l1xx_usart.o
                0x00000000080084f4                USART_Init
 .text.USART_ClockInit
                0x0000000008008598       0x20 build_ChungGame_embedded/stm32l1xx_usart.o
                0x0000000008008598                USART_ClockInit
 .text.USART_Cmd
                0x00000000080085b8       0x18 build_ChungGame_embedded/stm32l1xx_usart.o
                0x00000000080085b8                USART_Cmd
 .text.USART_SendData
                0x00000000080085d0        0x8 build_ChungGame_embedded/stm32l1xx_usart.o
                0x00000000080085d0                USART_SendData
 .text.USART_ReceiveData
                0x00000000080085d8        0x8 build_ChungGame_embedded/stm32l1xx_usart.o
                0x00000000080085d8                USART_ReceiveData
 .text.USART_ITConfig
                0x00000000080085e0       0x30 build_ChungGame_embedded/stm32l1xx_usart.o
                0x00000000080085e0                USART_ITConfig
 .text.USART_GetFlagStatus
                0x0000000008008610        0xc build_ChungGame_embedded/stm32l1xx_usart.o
                0x0000000008008610                USART_GetFlagStatus
 .text.USART_GetITStatus
                0x000000000800861c       0x3e build_ChungGame_embedded/stm32l1xx_usart.o
                0x000000000800861c                USART_GetITStatus
 .text.USART_ClearITPendingBit
                0x000000000800865a        0xe build_ChungGame_embedded/stm32l1xx_usart.o
                0x000000000800865a                USART_ClearITPendingBit
 .text.SPI_I2S_DeInit
                0x0000000008008668       0x64 build_ChungGame_embedded/stm32l1xx_spi.o
                0x0000000008008668                SPI_I2S_DeInit
 .text.SPI_Init
                0x00000000080086cc       0x3e build_ChungGame_embedded/stm32l1xx_spi.o
                0x00000000080086cc                SPI_Init
 .text.SPI_Cmd  0x000000000800870a       0x18 build_ChungGame_embedded/stm32l1xx_spi.o
                0x000000000800870a                SPI_Cmd
 .text.SPI_I2S_ReceiveData
                0x0000000008008722        0x6 build_ChungGame_embedded/stm32l1xx_spi.o
                0x0000000008008722                SPI_I2S_ReceiveData
 .text.SPI_I2S_SendData
                0x0000000008008728        0x4 build_ChungGame_embedded/stm32l1xx_spi.o
                0x0000000008008728                SPI_I2S_SendData
 .text.SPI_I2S_GetFlagStatus
                0x000000000800872c        0xc build_ChungGame_embedded/stm32l1xx_spi.o
                0x000000000800872c                SPI_I2S_GetFlagStatus
 .text.NVIC_PriorityGroupConfig
                0x0000000008008738       0x14 build_ChungGame_embedded/misc.o
                0x0000000008008738                NVIC_PriorityGroupConfig
 .text.NVIC_Init
                0x000000000800874c       0x58 build_ChungGame_embedded/misc.o
                0x000000000800874c                NVIC_Init
 .text.EXTI_GetFlagStatus
                0x00000000080087a4       0x14 build_ChungGame_embedded/stm32l1xx_exti.o
                0x00000000080087a4                EXTI_GetFlagStatus
 .text.EXTI_GetITStatus
                0x00000000080087b8        0x4 build_ChungGame_embedded/stm32l1xx_exti.o
                0x00000000080087b8                EXTI_GetITStatus
 .text.EXTI_ClearITPendingBit
                0x00000000080087bc        0xc build_ChungGame_embedded/stm32l1xx_exti.o
                0x00000000080087bc                EXTI_ClearITPendingBit
 .text.TIM_DeInit
                0x00000000080087c8       0xe4 build_ChungGame_embedded/stm32l1xx_tim.o
                0x00000000080087c8                TIM_DeInit
 .text.TIM_TimeBaseInit
                0x00000000080088ac       0x58 build_ChungGame_embedded/stm32l1xx_tim.o
                0x00000000080088ac                TIM_TimeBaseInit
 .text.TIM_ARRPreloadConfig
                0x0000000008008904       0x18 build_ChungGame_embedded/stm32l1xx_tim.o
                0x0000000008008904                TIM_ARRPreloadConfig
 .text.TIM_Cmd  0x000000000800891c       0x18 build_ChungGame_embedded/stm32l1xx_tim.o
                0x000000000800891c                TIM_Cmd
 .text.TIM_OC3Init
                0x0000000008008934       0x3c build_ChungGame_embedded/stm32l1xx_tim.o
                0x0000000008008934                TIM_OC3Init
 .text.TIM_OC3PreloadConfig
                0x0000000008008970       0x10 build_ChungGame_embedded/stm32l1xx_tim.o
                0x0000000008008970                TIM_OC3PreloadConfig
 .text.TIM_ITConfig
                0x0000000008008980       0x12 build_ChungGame_embedded/stm32l1xx_tim.o
                0x0000000008008980                TIM_ITConfig
 .text.TIM_GetITStatus
                0x0000000008008992       0x16 build_ChungGame_embedded/stm32l1xx_tim.o
                0x0000000008008992                TIM_GetITStatus
 .text.TIM_ClearITPendingBit
                0x00000000080089a8        0x8 build_ChungGame_embedded/stm32l1xx_tim.o
                0x00000000080089a8                TIM_ClearITPendingBit
 .text.ADC_Init
                0x00000000080089b0       0x4c build_ChungGame_embedded/stm32l1xx_adc.o
                0x00000000080089b0                ADC_Init
 .text.ADC_Cmd  0x00000000080089fc       0x12 build_ChungGame_embedded/stm32l1xx_adc.o
                0x00000000080089fc                ADC_Cmd
 *fill*         0x0000000008008a0e        0x2 
 .text.ADC_TempSensorVrefintCmd
                0x0000000008008a10       0x18 build_ChungGame_embedded/stm32l1xx_adc.o
                0x0000000008008a10                ADC_TempSensorVrefintCmd
 .text.ADC_RegularChannelConfig
                0x0000000008008a28      0x104 build_ChungGame_embedded/stm32l1xx_adc.o
                0x0000000008008a28                ADC_RegularChannelConfig
 .text.ADC_SoftwareStartConv
                0x0000000008008b2c        0xa build_ChungGame_embedded/stm32l1xx_adc.o
                0x0000000008008b2c                ADC_SoftwareStartConv
 .text.ADC_GetConversionValue
                0x0000000008008b36        0x6 build_ChungGame_embedded/stm32l1xx_adc.o
                0x0000000008008b36                ADC_GetConversionValue
 .text.ADC_GetFlagStatus
                0x0000000008008b3c        0xc build_ChungGame_embedded/stm32l1xx_adc.o
                0x0000000008008b3c                ADC_GetFlagStatus
 .text.PWR_UltraLowPowerCmd
                0x0000000008008b48        0xc build_ChungGame_embedded/stm32l1xx_pwr.o
                0x0000000008008b48                PWR_UltraLowPowerCmd
 .text.PWR_EnterSTOPMode
                0x0000000008008b54       0x34 build_ChungGame_embedded/stm32l1xx_pwr.o
                0x0000000008008b54                PWR_EnterSTOPMode
 .text.FLASH_Lock
                0x0000000008008b88       0x10 build_ChungGame_embedded/stm32l1xx_flash.o
                0x0000000008008b88                FLASH_Lock
 .text.DATA_EEPROM_Unlock
                0x0000000008008b98       0x20 build_ChungGame_embedded/stm32l1xx_flash.o
                0x0000000008008b98                DATA_EEPROM_Unlock
 .text.FLASH_Unlock
                0x0000000008008bb8       0x2c build_ChungGame_embedded/stm32l1xx_flash.o
                0x0000000008008bb8                FLASH_Unlock
 .text.DATA_EEPROM_Lock
                0x0000000008008be4       0x10 build_ChungGame_embedded/stm32l1xx_flash.o
                0x0000000008008be4                DATA_EEPROM_Lock
 .text.FLASH_OB_Unlock
                0x0000000008008bf4       0x2c build_ChungGame_embedded/stm32l1xx_flash.o
                0x0000000008008bf4                FLASH_OB_Unlock
 .text.FLASH_OB_Launch
                0x0000000008008c20       0x10 build_ChungGame_embedded/stm32l1xx_flash.o
                0x0000000008008c20                FLASH_OB_Launch
 .text.FLASH_OB_GetBOR
                0x0000000008008c30       0x10 build_ChungGame_embedded/stm32l1xx_flash.o
                0x0000000008008c30                FLASH_OB_GetBOR
 .text.FLASH_ClearFlag
                0x0000000008008c40        0xc build_ChungGame_embedded/stm32l1xx_flash.o
                0x0000000008008c40                FLASH_ClearFlag
 .text.FLASH_GetStatus
                0x0000000008008c4c       0x28 build_ChungGame_embedded/stm32l1xx_flash.o
                0x0000000008008c4c                FLASH_GetStatus
 .text.FLASH_WaitForLastOperation
                0x0000000008008c74       0x3c build_ChungGame_embedded/stm32l1xx_flash.o
                0x0000000008008c74                FLASH_WaitForLastOperation
 .text.FLASH_ErasePage
                0x0000000008008cb0       0x44 build_ChungGame_embedded/stm32l1xx_flash.o
                0x0000000008008cb0                FLASH_ErasePage
 .text.FLASH_FastProgramWord
                0x0000000008008cf4       0x22 build_ChungGame_embedded/stm32l1xx_flash.o
                0x0000000008008cf4                FLASH_FastProgramWord
 .text.DATA_EEPROM_EraseWord
                0x0000000008008d16       0x16 build_ChungGame_embedded/stm32l1xx_flash.o
                0x0000000008008d16                DATA_EEPROM_EraseWord
 .text.DATA_EEPROM_FastProgramWord
                0x0000000008008d2c       0x30 build_ChungGame_embedded/stm32l1xx_flash.o
                0x0000000008008d2c                DATA_EEPROM_FastProgramWord
 .text.DATA_EEPROM_ProgramByte
                0x0000000008008d5c       0x4c build_ChungGame_embedded/stm32l1xx_flash.o
                0x0000000008008d5c                DATA_EEPROM_ProgramByte
 .text.FLASH_OB_BORConfig
                0x0000000008008da8       0x3c build_ChungGame_embedded/stm32l1xx_flash.o
                0x0000000008008da8                FLASH_OB_BORConfig
 .text.IWDG_WriteAccessCmd
                0x0000000008008de4        0xc build_ChungGame_embedded/stm32l1xx_iwdg.o
                0x0000000008008de4                IWDG_WriteAccessCmd
 .text.IWDG_SetPrescaler
                0x0000000008008df0        0xc build_ChungGame_embedded/stm32l1xx_iwdg.o
                0x0000000008008df0                IWDG_SetPrescaler
 .text.IWDG_SetReload
                0x0000000008008dfc        0xc build_ChungGame_embedded/stm32l1xx_iwdg.o
                0x0000000008008dfc                IWDG_SetReload
 .text.IWDG_ReloadCounter
                0x0000000008008e08       0x10 build_ChungGame_embedded/stm32l1xx_iwdg.o
                0x0000000008008e08                IWDG_ReloadCounter
 .text.IWDG_Enable
                0x0000000008008e18       0x10 build_ChungGame_embedded/stm32l1xx_iwdg.o
                0x0000000008008e18                IWDG_Enable
 .text.I2C_SendData
                0x0000000008008e28        0x4 build_ChungGame_embedded/stm32l1xx_i2c.o
                0x0000000008008e28                I2C_SendData
 .text.I2C_CheckEvent
                0x0000000008008e2c       0x18 build_ChungGame_embedded/stm32l1xx_i2c.o
                0x0000000008008e2c                I2C_CheckEvent
 .text.disable_interrupts
                0x0000000008008e44       0x10 build_ChungGame_embedded/platform.o
                0x0000000008008e44                disable_interrupts
 .text.entry_critical
                0x0000000008008e54       0x14 build_ChungGame_embedded/platform.o
                0x0000000008008e54                entry_critical
 .text.exit_critical
                0x0000000008008e68       0x30 build_ChungGame_embedded/platform.o
                0x0000000008008e68                exit_critical
 .text.default_handler
                0x0000000008008e98       0x1c build_ChungGame_embedded/system.o
                0x0000000008008e98                svc_handler
                0x0000000008008e98                default_handler
                0x0000000008008e98                dg_monitor_handler
                0x0000000008008e98                pendsv_handler
 .text.nmi_handler
                0x0000000008008eb4       0x1c build_ChungGame_embedded/system.o
                0x0000000008008eb4                nmi_handler
 .text.hard_fault_handler
                0x0000000008008ed0       0x1c build_ChungGame_embedded/system.o
                0x0000000008008ed0                hard_fault_handler
 .text.mem_manage_handler
                0x0000000008008eec       0x1c build_ChungGame_embedded/system.o
                0x0000000008008eec                mem_manage_handler
 .text.bus_fault_handler
                0x0000000008008f08       0x1c build_ChungGame_embedded/system.o
                0x0000000008008f08                bus_fault_handler
 .text.usage_fault_handler
                0x0000000008008f24       0x1c build_ChungGame_embedded/system.o
                0x0000000008008f24                usage_fault_handler
 .text.systick_handler
                0x0000000008008f40       0x40 build_ChungGame_embedded/system.o
                0x0000000008008f40                systick_handler
 .text.uart1_irq
                0x0000000008008f80       0x64 build_ChungGame_embedded/system.o
                0x0000000008008f80                uart1_irq
 .text.exti_line1_irq
                0x0000000008008fe4       0x1c build_ChungGame_embedded/system.o
                0x0000000008008fe4                exti_line1_irq
 .text.timer7_irq
                0x0000000008009000       0x24 build_ChungGame_embedded/system.o
                0x0000000008009000                timer7_irq
 .text.sys_ctrl_delay
                0x0000000008009024        0xc build_ChungGame_embedded/system.o
                0x0000000008009024                sys_ctrl_delay
 .text.sys_ctrl_millis
                0x0000000008009030       0x1c build_ChungGame_embedded/system.o
                0x0000000008009030                sys_ctrl_millis
 .text._init    0x000000000800904c        0x2 build_ChungGame_embedded/system.o
                0x000000000800904c                _init
 .text._fini    0x000000000800904e        0x2 build_ChungGame_embedded/system.o
                0x000000000800904e                _fini
 .text.sys_stack_count_init
                0x0000000008009050       0x3c build_ChungGame_embedded/system.o
                0x0000000008009050                sys_stack_count_init
 .text.reset_handler
                0x000000000800908c       0xc8 build_ChungGame_embedded/system.o
                0x000000000800908c                reset_handler
 .text.sys_stack_usage
                0x0000000008009154       0x20 build_ChungGame_embedded/system.o
                0x0000000008009154                sys_stack_usage
 .text.sys_stack_get_size
                0x0000000008009174        0xc build_ChungGame_embedded/system.o
                0x0000000008009174                sys_stack_get_size
 .text.sys_ctrl_shell_put_char_block
                0x0000000008009180       0x2c build_ChungGame_embedded/sys_cfg.o
                0x0000000008009180                sys_ctrl_shell_put_char_block
 .text.sys_cfg_clock
                0x00000000080091ac       0x22 build_ChungGame_embedded/sys_cfg.o
                0x00000000080091ac                sys_cfg_clock
 *fill*         0x00000000080091ce        0x2 
 .text.sys_cfg_tick
                0x00000000080091d0       0x50 build_ChungGame_embedded/sys_cfg.o
                0x00000000080091d0                sys_cfg_tick
 .text.sys_cfg_svc
                0x0000000008009220       0x30 build_ChungGame_embedded/sys_cfg.o
                0x0000000008009220                sys_cfg_svc
 .text.sys_cfg_pendsv
                0x0000000008009250       0x34 build_ChungGame_embedded/sys_cfg.o
                0x0000000008009250                sys_cfg_pendsv
 .text.sys_cfg_update_info
                0x0000000008009284      0x108 build_ChungGame_embedded/sys_cfg.o
                0x0000000008009284                sys_cfg_update_info
 .text.sys_ctrl_shell_sw_to_block
                0x000000000800938c       0x38 build_ChungGame_embedded/sys_cfg.o
                0x000000000800938c                sys_ctrl_shell_sw_to_block
 .text.sys_cfg_console
                0x00000000080093c4       0xd8 build_ChungGame_embedded/sys_cfg.o
                0x00000000080093c4                sys_cfg_console
 .text.sys_ctrl_shell_get_char
                0x000000000800949c       0x34 build_ChungGame_embedded/sys_cfg.o
                0x000000000800949c                sys_ctrl_shell_get_char
 .text.sys_ctrl_reset
                0x00000000080094d0       0x20 build_ChungGame_embedded/sys_cfg.o
                0x00000000080094d0                sys_ctrl_reset
 .text.sys_ctrl_delay_us
                0x00000000080094f0       0x58 build_ChungGame_embedded/sys_cfg.o
                0x00000000080094f0                sys_ctrl_delay_us
 .text.sys_ctrl_delay_ms
                0x0000000008009548       0x1e build_ChungGame_embedded/sys_cfg.o
                0x0000000008009548                sys_ctrl_delay_ms
 *fill*         0x0000000008009566        0x2 
 .text.sys_ctr_stop_mcu
                0x0000000008009568       0xa8 build_ChungGame_embedded/sys_cfg.o
                0x0000000008009568                sys_ctr_stop_mcu
 .text.sys_ctrl_independent_watchdog_init
                0x0000000008009610       0x24 build_ChungGame_embedded/sys_cfg.o
                0x0000000008009610                sys_ctrl_independent_watchdog_init
 .text.sys_ctrl_independent_watchdog_reset
                0x0000000008009634       0x12 build_ChungGame_embedded/sys_cfg.o
                0x0000000008009634                sys_ctrl_independent_watchdog_reset
 *fill*         0x0000000008009646        0x2 
 .text.sys_ctrl_soft_watchdog_init
                0x0000000008009648       0x68 build_ChungGame_embedded/sys_cfg.o
                0x0000000008009648                sys_ctrl_soft_watchdog_init
 .text.sys_ctrl_soft_watchdog_reset
                0x00000000080096b0       0x18 build_ChungGame_embedded/sys_cfg.o
                0x00000000080096b0                sys_ctrl_soft_watchdog_reset
 .text.sys_ctrl_soft_watchdog_increase_counter
                0x00000000080096c8       0x40 build_ChungGame_embedded/sys_cfg.o
                0x00000000080096c8                sys_ctrl_soft_watchdog_increase_counter
 .text.sys_ctrl_get_firmware_info
                0x0000000008009708       0x40 build_ChungGame_embedded/sys_cfg.o
                0x0000000008009708                sys_ctrl_get_firmware_info
 .text.task_irq_io_entry_trigger
                0x0000000008009748        0x2 build_ChungGame_embedded/sys_cfg.o
                0x0000000008009748                task_irq_io_entry_trigger
 .text.task_irq_io_exit_trigger
                0x000000000800974a        0x2 build_ChungGame_embedded/sys_cfg.o
                0x000000000800974a                task_irq_io_exit_trigger
 .text.io_button_mode_init
                0x000000000800974c       0x28 build_ChungGame_embedded/io_cfg.o
                0x000000000800974c                io_button_mode_init
 .text.io_button_up_init
                0x0000000008009774       0x28 build_ChungGame_embedded/io_cfg.o
                0x0000000008009774                io_button_up_init
 .text.io_button_down_init
                0x000000000800979c       0x28 build_ChungGame_embedded/io_cfg.o
                0x000000000800979c                io_button_down_init
 .text.io_button_mode_read
                0x00000000080097c4        0xc build_ChungGame_embedded/io_cfg.o
                0x00000000080097c4                io_button_mode_read
 .text.io_button_up_read
                0x00000000080097d0       0x10 build_ChungGame_embedded/io_cfg.o
                0x00000000080097d0                io_button_up_read
 .text.io_button_down_read
                0x00000000080097e0        0xc build_ChungGame_embedded/io_cfg.o
                0x00000000080097e0                io_button_down_read
 .text.led_life_init
                0x00000000080097ec       0x28 build_ChungGame_embedded/io_cfg.o
                0x00000000080097ec                led_life_init
 .text.led_life_on
                0x0000000008009814       0x10 build_ChungGame_embedded/io_cfg.o
                0x0000000008009814                led_life_on
 .text.led_life_off
                0x0000000008009824       0x10 build_ChungGame_embedded/io_cfg.o
                0x0000000008009824                led_life_off
 .text.flash_io_ctrl_init
                0x0000000008009834       0x28 build_ChungGame_embedded/io_cfg.o
                0x0000000008009834                flash_io_ctrl_init
 .text.flash_cs_low
                0x000000000800985c       0x10 build_ChungGame_embedded/io_cfg.o
                0x000000000800985c                flash_cs_low
 .text.flash_cs_high
                0x000000000800986c       0x10 build_ChungGame_embedded/io_cfg.o
                0x000000000800986c                flash_cs_high
 .text.flash_transfer
                0x000000000800987c       0x98 build_ChungGame_embedded/io_cfg.o
                0x000000000800987c                flash_transfer
 .text.io_cfg_adc1
                0x0000000008009914       0x48 build_ChungGame_embedded/io_cfg.o
                0x0000000008009914                io_cfg_adc1
 .text.adc_bat_io_cfg
                0x000000000800995c       0x2c build_ChungGame_embedded/io_cfg.o
                0x000000000800995c                adc_bat_io_cfg
 .text.sys_ctr_get_vbat_voltage
                0x0000000008009988       0x90 build_ChungGame_embedded/io_cfg.o
                0x0000000008009988                sys_ctr_get_vbat_voltage
 .text.sys_ctr_get_mcu_temperature
                0x0000000008009a18       0x6c build_ChungGame_embedded/io_cfg.o
                0x0000000008009a18                sys_ctr_get_mcu_temperature
 .text.oled_clk_input_mode
                0x0000000008009a84       0x28 build_ChungGame_embedded/io_cfg.o
                0x0000000008009a84                oled_clk_input_mode
 .text.oled_clk_output_mode
                0x0000000008009aac       0x28 build_ChungGame_embedded/io_cfg.o
                0x0000000008009aac                oled_clk_output_mode
 .text.oled_clk_digital_write_low
                0x0000000008009ad4       0x10 build_ChungGame_embedded/io_cfg.o
                0x0000000008009ad4                oled_clk_digital_write_low
 .text.oled_clk_digital_write_high
                0x0000000008009ae4       0x10 build_ChungGame_embedded/io_cfg.o
                0x0000000008009ae4                oled_clk_digital_write_high
 .text.oled_data_input_mode
                0x0000000008009af4       0x28 build_ChungGame_embedded/io_cfg.o
                0x0000000008009af4                oled_data_input_mode
 .text.oled_data_output_mode
                0x0000000008009b1c       0x28 build_ChungGame_embedded/io_cfg.o
                0x0000000008009b1c                oled_data_output_mode
 .text.oled_data_digital_write_low
                0x0000000008009b44       0x10 build_ChungGame_embedded/io_cfg.o
                0x0000000008009b44                oled_data_digital_write_low
 .text.oled_data_digital_write_high
                0x0000000008009b54       0x10 build_ChungGame_embedded/io_cfg.o
                0x0000000008009b54                oled_data_digital_write_high
 .text.oled_res_input_mode
                0x0000000008009b64       0x28 build_ChungGame_embedded/io_cfg.o
                0x0000000008009b64                oled_res_input_mode
 .text.oled_res_output_mode
                0x0000000008009b8c       0x28 build_ChungGame_embedded/io_cfg.o
                0x0000000008009b8c                oled_res_output_mode
 .text.oled_res_digital_write_low
                0x0000000008009bb4       0x10 build_ChungGame_embedded/io_cfg.o
                0x0000000008009bb4                oled_res_digital_write_low
 .text.oled_res_digital_write_high
                0x0000000008009bc4       0x10 build_ChungGame_embedded/io_cfg.o
                0x0000000008009bc4                oled_res_digital_write_high
 .text.io_eeprom_read
                0x0000000008009bd4       0x34 build_ChungGame_embedded/io_cfg.o
                0x0000000008009bd4                io_eeprom_read
 .text.io_eeprom_erase
                0x0000000008009c08       0x4c build_ChungGame_embedded/io_cfg.o
                0x0000000008009c08                io_eeprom_erase
 .text.internal_flash_unlock
                0x0000000008009c54       0x12 build_ChungGame_embedded/io_cfg.o
                0x0000000008009c54                internal_flash_unlock
 .text.internal_flash_lock
                0x0000000008009c66        0x4 build_ChungGame_embedded/io_cfg.o
                0x0000000008009c66                internal_flash_lock
 .text.internal_flash_erase_pages_cal
                0x0000000008009c6a       0x24 build_ChungGame_embedded/io_cfg.o
                0x0000000008009c6a                internal_flash_erase_pages_cal
 .text.internal_flash_write_cal
                0x0000000008009c8e       0x48 build_ChungGame_embedded/io_cfg.o
                0x0000000008009c8e                internal_flash_write_cal
 *fill*         0x0000000008009cd6        0x2 
 .text.io_uart2_cfg
                0x0000000008009cd8       0xbc build_ChungGame_embedded/io_cfg.o
                0x0000000008009cd8                io_uart2_cfg
 .text.io_uart_rs485_cfg
                0x0000000008009d94       0x78 build_ChungGame_embedded/io_cfg.o
                0x0000000008009d94                io_uart_rs485_cfg
 .text.io_rs485_dir_mode_output
                0x0000000008009e0c       0x30 build_ChungGame_embedded/io_cfg.o
                0x0000000008009e0c                io_rs485_dir_mode_output
 .text.io_rs485_dir_low
                0x0000000008009e3c        0xc build_ChungGame_embedded/io_cfg.o
                0x0000000008009e3c                io_rs485_dir_low
 .text.io_rs485_dir_high
                0x0000000008009e48        0xc build_ChungGame_embedded/io_cfg.o
                0x0000000008009e48                io_rs485_dir_high
 .text.SystemInit
                0x0000000008009e54      0x114 build_ChungGame_embedded/system_stm32l1xx.o
                0x0000000008009e54                SystemInit
 .text.SystemCoreClockUpdate
                0x0000000008009f68       0x88 build_ChungGame_embedded/system_stm32l1xx.o
                0x0000000008009f68                SystemCoreClockUpdate
 .text._ZN10Gun_BulletC2Ev
                0x0000000008009ff0        0x6 build_ChungGame_embedded/Gun_Bullet.o
                0x0000000008009ff0                Gun_Bullet::Gun_Bullet()
                0x0000000008009ff0                Gun_Bullet::Gun_Bullet()
 .text._ZN10Gun_Bullet4fireEsss
                0x0000000008009ff6        0xc build_ChungGame_embedded/Gun_Bullet.o
                0x0000000008009ff6                Gun_Bullet::fire(short, short, short)
 .text._ZN10Gun_Bullet6updateEv
                0x000000000800a002       0x32 build_ChungGame_embedded/Gun_Bullet.o
                0x000000000800a002                Gun_Bullet::update()
 .text._ZN10Gun_Bullet4drawEv
                0x000000000800a034       0x30 build_ChungGame_embedded/Gun_Bullet.o
                0x000000000800a034                Gun_Bullet::draw()
 .text._ZN12Canon_BulletC2Ev
                0x000000000800a064        0x6 build_ChungGame_embedded/Canon_Bullet.o
                0x000000000800a064                Canon_Bullet::Canon_Bullet()
                0x000000000800a064                Canon_Bullet::Canon_Bullet()
 .text._ZN12Canon_Bullet4fireEss
                0x000000000800a06a        0xa build_ChungGame_embedded/Canon_Bullet.o
                0x000000000800a06a                Canon_Bullet::fire(short, short)
 .text._ZN12Canon_Bullet6updateEv
                0x000000000800a074       0x16 build_ChungGame_embedded/Canon_Bullet.o
                0x000000000800a074                Canon_Bullet::update()
 *fill*         0x000000000800a08a        0x2 
 .text._ZN12Canon_Bullet4drawEv
                0x000000000800a08c       0x30 build_ChungGame_embedded/Canon_Bullet.o
                0x000000000800a08c                Canon_Bullet::draw()
 .text._ZN4TankC2Ev
                0x000000000800a0bc       0x2a build_ChungGame_embedded/Tank.o
                0x000000000800a0bc                Tank::Tank()
                0x000000000800a0bc                Tank::Tank()
 *fill*         0x000000000800a0e6        0x2 
 .text._ZN4Tank4drawEv
                0x000000000800a0e8       0x88 build_ChungGame_embedded/Tank.o
                0x000000000800a0e8                Tank::draw()
 .text._ZN4Tank15tank_fire_canonEv
                0x000000000800a170       0x12 build_ChungGame_embedded/Tank.o
                0x000000000800a170                Tank::tank_fire_canon()
 .text._ZN4Tank6updateEv
                0x000000000800a182       0x72 build_ChungGame_embedded/Tank.o
                0x000000000800a182                Tank::update()
 .text._ZN4Tank13tank_fire_gunEs
                0x000000000800a1f4       0x14 build_ChungGame_embedded/Tank.o
                0x000000000800a1f4                Tank::tank_fire_gun(short)
 .text._ZN4Tank11moveForwardEv
                0x000000000800a208       0x18 build_ChungGame_embedded/Tank.o
                0x000000000800a208                Tank::moveForward()
 .text._ZN4Tank12moveBackwardEv
                0x000000000800a220       0x18 build_ChungGame_embedded/Tank.o
                0x000000000800a220                Tank::moveBackward()
 .text._ZN4Tank23checkCollisionWithEnemyEssss
                0x000000000800a238       0x28 build_ChungGame_embedded/Tank.o
                0x000000000800a238                Tank::checkCollisionWithEnemy(short, short, short, short)
 .text._ZN6GroundC2Ev
                0x000000000800a260        0x6 build_ChungGame_embedded/Ground.o
                0x000000000800a260                Ground::Ground()
                0x000000000800a260                Ground::Ground()
 .text._ZN6Ground6updateEv
                0x000000000800a266       0x10 build_ChungGame_embedded/Ground.o
                0x000000000800a266                Ground::update()
 *fill*         0x000000000800a276        0x2 
 .text._ZN6Ground4drawEv
                0x000000000800a278       0x50 build_ChungGame_embedded/Ground.o
                0x000000000800a278                Ground::draw()
 .text._ZN4TreeC2Ev
                0x000000000800a2c8        0xa build_ChungGame_embedded/Tree.o
                0x000000000800a2c8                Tree::Tree()
                0x000000000800a2c8                Tree::Tree()
 .text._ZN4Tree6updateEv
                0x000000000800a2d2       0x2c build_ChungGame_embedded/Tree.o
                0x000000000800a2d2                Tree::update()
 *fill*         0x000000000800a2fe        0x2 
 .text._ZN4Tree4drawEv
                0x000000000800a300       0x44 build_ChungGame_embedded/Tree.o
                0x000000000800a300                Tree::draw()
 .text._ZN8MountainC2Ev
                0x000000000800a344        0x6 build_ChungGame_embedded/Mountain.o
                0x000000000800a344                Mountain::Mountain()
                0x000000000800a344                Mountain::Mountain()
 .text._ZN8Mountain6updateEv
                0x000000000800a34a       0x24 build_ChungGame_embedded/Mountain.o
                0x000000000800a34a                Mountain::update()
 *fill*         0x000000000800a36e        0x2 
 .text._ZN8Mountain4drawEv
                0x000000000800a370       0x2c build_ChungGame_embedded/Mountain.o
                0x000000000800a370                Mountain::draw()
 .text._ZN5HouseC2Ev
                0x000000000800a39c        0xa build_ChungGame_embedded/House.o
                0x000000000800a39c                House::House()
                0x000000000800a39c                House::House()
 .text._ZN5House6updateEv
                0x000000000800a3a6       0x48 build_ChungGame_embedded/House.o
                0x000000000800a3a6                House::update()
 *fill*         0x000000000800a3ee        0x2 
 .text._ZN5House4drawEv
                0x000000000800a3f0       0x40 build_ChungGame_embedded/House.o
                0x000000000800a3f0                House::draw()
 .text._ZN8HP_pointC2Ev
                0x000000000800a430        0x6 build_ChungGame_embedded/HP_point.o
                0x000000000800a430                HP_point::HP_point()
                0x000000000800a430                HP_point::HP_point()
 .text._ZN8HP_point6updateEv
                0x000000000800a436        0x2 build_ChungGame_embedded/HP_point.o
                0x000000000800a436                HP_point::update()
 .text._ZN8HP_point4drawEv
                0x000000000800a438       0x4c build_ChungGame_embedded/HP_point.o
                0x000000000800a438                HP_point::draw()
 .text._ZN5ScoreC2Ev
                0x000000000800a484        0x6 build_ChungGame_embedded/Score.o
                0x000000000800a484                Score::Score()
                0x000000000800a484                Score::Score()
 .text._ZN5Score6updateEv
                0x000000000800a48a        0x2 build_ChungGame_embedded/Score.o
                0x000000000800a48a                Score::update()
 .text._ZN5Score3addEv
                0x000000000800a48c        0x8 build_ChungGame_embedded/Score.o
                0x000000000800a48c                Score::add()
 .text._ZN5Score4drawEv
                0x000000000800a494       0x48 build_ChungGame_embedded/Score.o
                0x000000000800a494                Score::draw()
 .text._ZN5Enemy5resetEv
                0x000000000800a4dc       0x3e build_ChungGame_embedded/Enemy.o
                0x000000000800a4dc                Enemy::reset()
 .text._ZN5EnemyC2Ev
                0x000000000800a51a        0xc build_ChungGame_embedded/Enemy.o
                0x000000000800a51a                Enemy::Enemy()
                0x000000000800a51a                Enemy::Enemy()
 .text._ZN5Enemy6updateEv
                0x000000000800a526       0x32 build_ChungGame_embedded/Enemy.o
                0x000000000800a526                Enemy::update()
 .text._ZN5Enemy4drawEv
                0x000000000800a558      0x108 build_ChungGame_embedded/Enemy.o
                0x000000000800a558                Enemy::draw()
 .text._ZN5Enemy14checkCollisionEssss
                0x000000000800a660       0x44 build_ChungGame_embedded/Enemy.o
                0x000000000800a660                Enemy::checkCollision(short, short, short, short)
 .text._ZN4TrapC2Ev
                0x000000000800a6a4       0x1e build_ChungGame_embedded/Trap.o
                0x000000000800a6a4                Trap::Trap()
                0x000000000800a6a4                Trap::Trap()
 .text._ZN4Trap6updateEv
                0x000000000800a6c2       0x28 build_ChungGame_embedded/Trap.o
                0x000000000800a6c2                Trap::update()
 *fill*         0x000000000800a6ea        0x2 
 .text._ZN4Trap4drawEv
                0x000000000800a6ec       0x2c build_ChungGame_embedded/Trap.o
                0x000000000800a6ec                Trap::draw()
 .text._Z27scr_es35sw_th_sensor_handleP8ak_msg_t
                0x000000000800a718       0xd4 build_ChungGame_embedded/scr_es35sw_th_sensor.o
                0x000000000800a718                scr_es35sw_th_sensor_handle(ak_msg_t*)
 .text._ZL25view_scr_es35sw_th_sensorv
                0x000000000800a7ec      0x16c build_ChungGame_embedded/scr_es35sw_th_sensor.o
 .text._ZL13view_scr_idlev
                0x000000000800a958       0x34 build_ChungGame_embedded/scr_idle.o
 .text._ZN4ballC2Ev
                0x000000000800a98c       0x5e build_ChungGame_embedded/scr_idle.o
                0x000000000800a98c                ball::ball()
                0x000000000800a98c                ball::ball()
 *fill*         0x000000000800a9ea        0x2 
 .text._ZNSt6vectorI4ballSaIS0_EE17_M_realloc_insertIJRKS0_EEEvN9__gnu_cxx17__normal_iteratorIPS0_S2_EEDpOT_
                0x000000000800a9ec      0x110 build_ChungGame_embedded/scr_idle.o
                0x000000000800a9ec                void std::vector<ball, std::allocator<ball> >::_M_realloc_insert<ball const&>(__gnu_cxx::__normal_iterator<ball*, std::vector<ball, std::allocator<ball> > >, ball const&)
 .text._ZNSt6vectorI4ballSaIS0_EE9push_backERKS0_
                0x000000000800aafc       0x2c build_ChungGame_embedded/scr_idle.o
                0x000000000800aafc                std::vector<ball, std::allocator<ball> >::push_back(ball const&)
 .text._Z15scr_idle_handleP8ak_msg_t
                0x000000000800ab28      0x19c build_ChungGame_embedded/scr_idle.o
                0x000000000800ab28                scr_idle_handle(ak_msg_t*)
 .text.startup._GLOBAL__sub_I_dyn_view_idle
                0x000000000800acc4       0x10 build_ChungGame_embedded/scr_idle.o
 .text.exit._GLOBAL__sub_D_dyn_view_idle
                0x000000000800acd4       0x10 build_ChungGame_embedded/scr_idle.o
 .text._Z15scr_info_handleP8ak_msg_t
                0x000000000800ace4       0x60 build_ChungGame_embedded/scr_info.o
                0x000000000800ace4                scr_info_handle(ak_msg_t*)
 .text._ZL13view_scr_infov
                0x000000000800ad44       0x78 build_ChungGame_embedded/scr_info.o
 .text._Z28scr_lhio404_io_device_handleP8ak_msg_t
                0x000000000800adbc       0xc8 build_ChungGame_embedded/scr_lhio404_io_device.o
                0x000000000800adbc                scr_lhio404_io_device_handle(ak_msg_t*)
 .text._ZL26view_scr_lhio404_io_devicev
                0x000000000800ae84      0x140 build_ChungGame_embedded/scr_lhio404_io_device.o
 .text._ZL16view_scr_startupv
                0x000000000800afc4       0x94 build_ChungGame_embedded/scr_startup.o
 .text._Z18scr_startup_handleP8ak_msg_t
                0x000000000800b058       0x8c build_ChungGame_embedded/scr_startup.o
                0x000000000800b058                scr_startup_handle(ak_msg_t*)
 .text._ZL13view_scr_gamev
                0x000000000800b0e4       0x58 build_ChungGame_embedded/scr_game.o
 .text._Z15scr_game_handleP8ak_msg_t
                0x000000000800b13c      0x1d8 build_ChungGame_embedded/scr_game.o
                0x000000000800b13c                scr_game_handle(ak_msg_t*)
 .text.startup._GLOBAL__sub_I_dyn_view_game
                0x000000000800b314       0x58 build_ChungGame_embedded/scr_game.o
 .text._Z11task_systemP8ak_msg_t
                0x000000000800b36c       0x44 build_ChungGame_embedded/task_system.o
                0x000000000800b36c                task_system(ak_msg_t*)
 .text.main_app
                0x000000000800b3b0      0x290 build_ChungGame_embedded/app.o
                0x000000000800b3b0                main_app
 .text._Z19task_polling_zigbeev
                0x000000000800b640        0x2 build_ChungGame_embedded/app.o
                0x000000000800b640                task_polling_zigbee()
 *fill*         0x000000000800b642        0x2 
 .text._Z20task_polling_consolev
                0x000000000800b644       0xd8 build_ChungGame_embedded/app.o
                0x000000000800b644                task_polling_console()
 .text.sys_irq_timer_10ms
                0x000000000800b71c       0x24 build_ChungGame_embedded/app.o
                0x000000000800b71c                sys_irq_timer_10ms
 .text._Z17btn_mode_callbackPv
                0x000000000800b740       0x3c build_ChungGame_embedded/app_bsp.o
                0x000000000800b740                btn_mode_callback(void*)
 .text._Z15btn_up_callbackPv
                0x000000000800b77c       0x10 build_ChungGame_embedded/app_bsp.o
                0x000000000800b77c                btn_up_callback(void*)
 .text._Z17btn_down_callbackPv
                0x000000000800b78c       0x3c build_ChungGame_embedded/app_bsp.o
                0x000000000800b78c                btn_down_callback(void*)
 .text._Z22updateDataModbusDeviceP21ModbusDeviceStructure
                0x000000000800b7c8       0xc4 build_ChungGame_embedded/app_modbus_pull.o
                0x000000000800b7c8                updateDataModbusDevice(ModbusDeviceStructure*)
 .text._ZL19str_parser_get_attrh
                0x000000000800b88c       0x1c build_ChungGame_embedded/shell.o
 .text._Z9shell_sttPh
                0x000000000800b8a8        0x4 build_ChungGame_embedded/shell.o
                0x000000000800b8a8                shell_stt(unsigned char*)
 .text._Z9shell_psvPh
                0x000000000800b8ac       0x14 build_ChungGame_embedded/shell.o
                0x000000000800b8ac                shell_psv(unsigned char*)
 .text._Z11shell_resetPh
                0x000000000800b8c0       0x10 build_ChungGame_embedded/shell.o
                0x000000000800b8c0                shell_reset(unsigned char*)
 .text._Z10shell_helpPh
                0x000000000800b8d0       0x30 build_ChungGame_embedded/shell.o
                0x000000000800b8d0                shell_help(unsigned char*)
 .text._Z9shell_verPh
                0x000000000800b900      0x118 build_ChungGame_embedded/shell.o
                0x000000000800b900                shell_ver(unsigned char*)
 .text._Z12shell_rebootPh
                0x000000000800ba18       0x10 build_ChungGame_embedded/shell.o
                0x000000000800ba18                shell_reboot(unsigned char*)
 .text._ZL10str_parserPc
                0x000000000800ba28       0x60 build_ChungGame_embedded/shell.o
 .text._Z11shell_fatalPh
                0x000000000800ba88      0x2f4 build_ChungGame_embedded/shell.o
                0x000000000800ba88                shell_fatal(unsigned char*)
 .text._Z11shell_flashPh
                0x000000000800bd7c      0x150 build_ChungGame_embedded/shell.o
                0x000000000800bd7c                shell_flash(unsigned char*)
 .text._Z9shell_epsPh
                0x000000000800becc       0xd0 build_ChungGame_embedded/shell.o
                0x000000000800becc                shell_eps(unsigned char*)
 .text._Z9shell_ramPh
                0x000000000800bf9c      0x20c build_ChungGame_embedded/shell.o
                0x000000000800bf9c                shell_ram(unsigned char*)
 .text._Z10shell_bootPh
                0x000000000800c1a8       0xdc build_ChungGame_embedded/shell.o
                0x000000000800c1a8                shell_boot(unsigned char*)
 .text._Z9shell_fwuPh
                0x000000000800c284       0x34 build_ChungGame_embedded/shell.o
                0x000000000800c284                shell_fwu(unsigned char*)
 .text._Z12shell_buzzerPh
                0x000000000800c2b8       0x70 build_ChungGame_embedded/shell.o
                0x000000000800c2b8                shell_buzzer(unsigned char*)
 .text._Z9shell_dbgPh
                0x000000000800c328       0x38 build_ChungGame_embedded/shell.o
                0x000000000800c328                shell_dbg(unsigned char*)
 .text._Z12shell_modbusPh
                0x000000000800c360       0xe0 build_ChungGame_embedded/shell.o
                0x000000000800c360                shell_modbus(unsigned char*)
 .text._Z9shell_epiPh
                0x000000000800c440        0x4 build_ChungGame_embedded/shell.o
                0x000000000800c440                shell_epi(unsigned char*)
 .text._Z9shell_lcdPh
                0x000000000800c444      0x15c build_ChungGame_embedded/shell.o
                0x000000000800c444                shell_lcd(unsigned char*)
 .text.sys_irq_shell
                0x000000000800c5a0       0x2c build_ChungGame_embedded/task_shell.o
                0x000000000800c5a0                sys_irq_shell
 .text._Z10task_shellP8ak_msg_t
                0x000000000800c5cc       0x7c build_ChungGame_embedded/task_shell.o
                0x000000000800c5cc                task_shell(ak_msg_t*)
 .text._Z9task_lifeP8ak_msg_t
                0x000000000800c648       0x20 build_ChungGame_embedded/task_life.o
                0x000000000800c648                task_life(ak_msg_t*)
 .text._Z7task_fwP8ak_msg_t
                0x000000000800c668      0x490 build_ChungGame_embedded/task_fw.o
                0x000000000800c668                task_fw(ak_msg_t*)
 .text._Z12task_displayP8ak_msg_t
                0x000000000800caf8        0x4 build_ChungGame_embedded/task_display.o
                0x000000000800caf8                task_display(ak_msg_t*)
 .text._Z7task_ifP8ak_msg_t
                0x000000000800cafc       0xe4 build_ChungGame_embedded/task_if.o
                0x000000000800cafc                task_if(ak_msg_t*)
 .text._Z12task_rf24_ifP8ak_msg_t
                0x000000000800cbe0        0x2 build_ChungGame_embedded/task_rf24_if.o
                0x000000000800cbe0                task_rf24_if(ak_msg_t*)
 *fill*         0x000000000800cbe2        0x2 
 .text._Z12task_uart_ifP8ak_msg_t
                0x000000000800cbe4       0xc4 build_ChungGame_embedded/task_uart_if.o
                0x000000000800cbe4                task_uart_if(ak_msg_t*)
 .text._Z8task_dbgP8ak_msg_t
                0x000000000800cca8        0x2 build_ChungGame_embedded/task_dbg.o
                0x000000000800cca8                task_dbg(ak_msg_t*)
 .text._ZL19view_render_dynamicPv
                0x000000000800ccaa        0xa build_ChungGame_embedded/view_render.o
 .text._Z22view_render_display_onv
                0x000000000800ccb4        0xc build_ChungGame_embedded/view_render.o
                0x000000000800ccb4                view_render_display_on()
 .text.startup._GLOBAL__sub_I_view_render
                0x000000000800ccc0        0xc build_ChungGame_embedded/view_render.o
 .text.exit._GLOBAL__sub_D_view_render
                0x000000000800cccc        0xc build_ChungGame_embedded/view_render.o
 .text._Z18view_render_screenP13view_screen_t
                0x000000000800ccd8       0x68 build_ChungGame_embedded/view_render.o
                0x000000000800ccd8                view_render_screen(view_screen_t*)
 .text._ZL21view_render_rectanglePv
                0x000000000800cd40       0xe8 build_ChungGame_embedded/view_render.o
 .text._Z12scr_mng_ctorP9scr_mng_tPFvP8ak_msg_tEP13view_screen_t
                0x000000000800ce28       0x20 build_ChungGame_embedded/screen_manager.o
                0x000000000800ce28                scr_mng_ctor(scr_mng_t*, void (*)(ak_msg_t*), view_screen_t*)
 .text._Z16scr_mng_dispatchP8ak_msg_t
                0x000000000800ce48       0x48 build_ChungGame_embedded/screen_manager.o
                0x000000000800ce48                scr_mng_dispatch(ak_msg_t*)
 .text._Z12scr_mng_tranPFvP8ak_msg_tEP13view_screen_t
                0x000000000800ce90       0x44 build_ChungGame_embedded/screen_manager.o
                0x000000000800ce90                scr_mng_tran(void (*)(ak_msg_t*), view_screen_t*)
 .text._ZN12Adafruit_GFX8drawLineEsssst
                0x000000000800ced4       0xbe build_ChungGame_embedded/Adafruit_GFX.o
                0x000000000800ced4                Adafruit_GFX::drawLine(short, short, short, short, unsigned short)
 .text._ZN12Adafruit_GFX8drawRectEsssst
                0x000000000800cf92       0x68 build_ChungGame_embedded/Adafruit_GFX.o
                0x000000000800cf92                Adafruit_GFX::drawRect(short, short, short, short, unsigned short)
 .text._ZN12Adafruit_GFX13drawFastVLineEssst
                0x000000000800cffa       0x1c build_ChungGame_embedded/Adafruit_GFX.o
                0x000000000800cffa                Adafruit_GFX::drawFastVLine(short, short, short, unsigned short)
 .text._ZN12Adafruit_GFX13drawFastHLineEssst
                0x000000000800d016       0x1a build_ChungGame_embedded/Adafruit_GFX.o
                0x000000000800d016                Adafruit_GFX::drawFastHLine(short, short, short, unsigned short)
 .text._ZN12Adafruit_GFX8fillRectEsssst
                0x000000000800d030       0x38 build_ChungGame_embedded/Adafruit_GFX.o
                0x000000000800d030                Adafruit_GFX::fillRect(short, short, short, short, unsigned short)
 .text._ZN12Adafruit_GFX10fillScreenEt
                0x000000000800d068       0x1c build_ChungGame_embedded/Adafruit_GFX.o
                0x000000000800d068                Adafruit_GFX::fillScreen(unsigned short)
 .text._ZN12Adafruit_GFXC2Ess
                0x000000000800d084       0x28 build_ChungGame_embedded/Adafruit_GFX.o
                0x000000000800d084                Adafruit_GFX::Adafruit_GFX(short, short)
                0x000000000800d084                Adafruit_GFX::Adafruit_GFX(short, short)
 .text._ZN12Adafruit_GFX10drawCircleEssst
                0x000000000800d0ac      0x172 build_ChungGame_embedded/Adafruit_GFX.o
                0x000000000800d0ac                Adafruit_GFX::drawCircle(short, short, short, unsigned short)
 .text._ZN12Adafruit_GFX16fillCircleHelperEssshst
                0x000000000800d21e      0x124 build_ChungGame_embedded/Adafruit_GFX.o
                0x000000000800d21e                Adafruit_GFX::fillCircleHelper(short, short, short, unsigned char, short, unsigned short)
 .text._ZN12Adafruit_GFX13fillRoundRectEssssst
                0x000000000800d342       0x88 build_ChungGame_embedded/Adafruit_GFX.o
                0x000000000800d342                Adafruit_GFX::fillRoundRect(short, short, short, short, short, unsigned short)
 .text._ZN12Adafruit_GFX10drawBitmapEssPKhsst
                0x000000000800d3ca       0x92 build_ChungGame_embedded/Adafruit_GFX.o
                0x000000000800d3ca                Adafruit_GFX::drawBitmap(short, short, unsigned char const*, short, short, unsigned short)
 .text._ZN12Adafruit_GFX8drawCharEsshtth
                0x000000000800d45c      0x108 build_ChungGame_embedded/Adafruit_GFX.o
                0x000000000800d45c                Adafruit_GFX::drawChar(short, short, unsigned char, unsigned short, unsigned short, unsigned char)
 .text._ZN12Adafruit_GFX5writeEh
                0x000000000800d564       0x64 build_ChungGame_embedded/Adafruit_GFX.o
                0x000000000800d564                Adafruit_GFX::write(unsigned char)
 .text._ZN12Adafruit_GFX9setCursorEss
                0x000000000800d5c8        0x6 build_ChungGame_embedded/Adafruit_GFX.o
                0x000000000800d5c8                Adafruit_GFX::setCursor(short, short)
 .text._ZN12Adafruit_GFX11setTextSizeEh
                0x000000000800d5ce        0xa build_ChungGame_embedded/Adafruit_GFX.o
                0x000000000800d5ce                Adafruit_GFX::setTextSize(unsigned char)
 .text._ZN12Adafruit_GFX12setTextColorEt
                0x000000000800d5d8        0x6 build_ChungGame_embedded/Adafruit_GFX.o
                0x000000000800d5d8                Adafruit_GFX::setTextColor(unsigned short)
 .text._ZN12Adafruit_GFX5widthEv
                0x000000000800d5de        0x6 build_ChungGame_embedded/Adafruit_GFX.o
                0x000000000800d5de                Adafruit_GFX::width()
 .text._ZN12Adafruit_GFX6heightEv
                0x000000000800d5e4        0x6 build_ChungGame_embedded/Adafruit_GFX.o
                0x000000000800d5e4                Adafruit_GFX::height()
 .text._ZN17Adafruit_oled_drv9updateRowEii
                0x000000000800d5ea       0x1e build_ChungGame_embedded/Adafruit_oled_drv.o
                0x000000000800d5ea                Adafruit_oled_drv::updateRow(int, int)
 .text._ZN17Adafruit_oled_drv9drawPixelEsst
                0x000000000800d608       0x52 build_ChungGame_embedded/Adafruit_oled_drv.o
                0x000000000800d608                Adafruit_oled_drv::drawPixel(short, short, unsigned short)
 *fill*         0x000000000800d65a        0x2 
 .text._ZN17Adafruit_oled_drvC2Ev
                0x000000000800d65c       0x28 build_ChungGame_embedded/Adafruit_oled_drv.o
                0x000000000800d65c                Adafruit_oled_drv::Adafruit_oled_drv()
                0x000000000800d65c                Adafruit_oled_drv::Adafruit_oled_drv()
 .text._ZN17Adafruit_oled_drvD2Ev
                0x000000000800d684        0x2 build_ChungGame_embedded/Adafruit_oled_drv.o
                0x000000000800d684                Adafruit_oled_drv::~Adafruit_oled_drv()
                0x000000000800d684                Adafruit_oled_drv::~Adafruit_oled_drv()
 .text._ZN17Adafruit_oled_drv5clearEb
                0x000000000800d686       0x22 build_ChungGame_embedded/Adafruit_oled_drv.o
                0x000000000800d686                Adafruit_oled_drv::clear(bool)
 .text._ZN17Adafruit_oled_drv9writeByteEh
                0x000000000800d6a8       0x54 build_ChungGame_embedded/Adafruit_oled_drv.o
                0x000000000800d6a8                Adafruit_oled_drv::writeByte(unsigned char)
 .text._ZN17Adafruit_oled_drv8startIICEv
                0x000000000800d6fc       0x2c build_ChungGame_embedded/Adafruit_oled_drv.o
                0x000000000800d6fc                Adafruit_oled_drv::startIIC()
 .text._ZN17Adafruit_oled_drv7stopIICEv
                0x000000000800d728       0x2c build_ChungGame_embedded/Adafruit_oled_drv.o
                0x000000000800d728                Adafruit_oled_drv::stopIIC()
 .text._ZN17Adafruit_oled_drv12writeCommandEh
                0x000000000800d754       0x2c build_ChungGame_embedded/Adafruit_oled_drv.o
                0x000000000800d754                Adafruit_oled_drv::writeCommand(unsigned char)
 .text._ZN17Adafruit_oled_drv10initializeEv
                0x000000000800d780      0x120 build_ChungGame_embedded/Adafruit_oled_drv.o
                0x000000000800d780                Adafruit_oled_drv::initialize()
 .text._ZN17Adafruit_oled_drv10display_onEv
                0x000000000800d8a0        0x6 build_ChungGame_embedded/Adafruit_oled_drv.o
                0x000000000800d8a0                Adafruit_oled_drv::display_on()
 .text._ZN17Adafruit_oled_drv11display_offEv
                0x000000000800d8a6        0x6 build_ChungGame_embedded/Adafruit_oled_drv.o
                0x000000000800d8a6                Adafruit_oled_drv::display_off()
 .text._ZN17Adafruit_oled_drv17startDataSequenceEv
                0x000000000800d8ac       0x1c build_ChungGame_embedded/Adafruit_oled_drv.o
                0x000000000800d8ac                Adafruit_oled_drv::startDataSequence()
 .text._ZN17Adafruit_oled_drv6updateEv
                0x000000000800d8c8       0x4e build_ChungGame_embedded/Adafruit_oled_drv.o
                0x000000000800d8c8                Adafruit_oled_drv::update()
 .text._ZN17Adafruit_oled_drv9updateRowEi
                0x000000000800d916       0x6c build_ChungGame_embedded/Adafruit_oled_drv.o
                0x000000000800d916                Adafruit_oled_drv::updateRow(int)
 .text.eeprom_read
                0x000000000800d982        0x4 build_ChungGame_embedded/eeprom.o
                0x000000000800d982                eeprom_read
 .text.eeprom_erase
                0x000000000800d986        0x4 build_ChungGame_embedded/eeprom.o
                0x000000000800d986                eeprom_erase
 .text._ZL19link_hal_write_byteh
                0x000000000800d98a        0x2 build_ChungGame_embedded/link_hal.o
 .text._ZL17link_hal_rev_byteh
                0x000000000800d98c        0x4 build_ChungGame_embedded/link_hal.o
 .text._Z23link_hal_reg_write_bytePFhhE
                0x000000000800d990       0x28 build_ChungGame_embedded/link_hal.o
                0x000000000800d990                link_hal_reg_write_byte(unsigned char (*)(unsigned char))
 .text._Z21link_hal_reg_rev_bytePFhhE
                0x000000000800d9b8       0x28 build_ChungGame_embedded/link_hal.o
                0x000000000800d9b8                link_hal_reg_rev_byte(unsigned char (*)(unsigned char))
 .text._ZL21fsm_link_state_handleP8ak_msg_t
                0x000000000800d9e0      0x2b0 build_ChungGame_embedded/link.o
 .text._ZL19fsm_link_state_initP8ak_msg_t
                0x000000000800dc90       0x80 build_ChungGame_embedded/link.o
 .text._Z9task_linkP8ak_msg_t
                0x000000000800dd10        0xc build_ChungGame_embedded/link.o
                0x000000000800dd10                task_link(ak_msg_t*)
 .text._Z23link_init_state_machinev
                0x000000000800dd1c       0x2c build_ChungGame_embedded/link.o
                0x000000000800dd1c                link_init_state_machine()
 .text._ZL23link_mac_frame_send_reqv
                0x000000000800dd48       0x3c build_ChungGame_embedded/link_mac.o
 .text._ZL23link_mac_frame_send_endv
                0x000000000800dd84       0x34 build_ChungGame_embedded/link_mac.o
 .text._ZL28link_mac_frame_cals_checksumP16link_mac_frame_t.constprop.0
                0x000000000800ddb8       0x38 build_ChungGame_embedded/link_mac.o
 .text._Z25fsm_link_mac_state_handleP8ak_msg_t
                0x000000000800ddf0      0x2b8 build_ChungGame_embedded/link_mac.o
                0x000000000800ddf0                fsm_link_mac_state_handle(ak_msg_t*)
 .text._Z13task_link_macP8ak_msg_t
                0x000000000800e0a8        0xc build_ChungGame_embedded/link_mac.o
                0x000000000800e0a8                task_link_mac(ak_msg_t*)
 .text._Z23fsm_link_mac_state_initP8ak_msg_t
                0x000000000800e0b4       0x88 build_ChungGame_embedded/link_mac.o
                0x000000000800e0b4                fsm_link_mac_state_init(ak_msg_t*)
 .text._ZL26link_phy_frame_write_blockPhm
                0x000000000800e13c       0x1c build_ChungGame_embedded/link_phy.o
 .text._ZL20link_phy_frame_writeP16link_phy_frame_t
                0x000000000800e158       0x1c build_ChungGame_embedded/link_phy.o
 .text._ZL28link_phy_frame_cals_checksumP16link_phy_frame_t
                0x000000000800e174       0x38 build_ChungGame_embedded/link_phy.o
 .text._ZL25link_phy_frame_write_byteh
                0x000000000800e1ac        0xc build_ChungGame_embedded/link_phy.o
 .text._ZL26ac_link_phy_frame_rev_byteh
                0x000000000800e1b8      0x100 build_ChungGame_embedded/link_phy.o
 .text._ZL19link_phy_frame_sendv
                0x000000000800e2b8       0x2c build_ChungGame_embedded/link_phy.o
 .text._Z25fsm_link_phy_state_handleP8ak_msg_t
                0x000000000800e2e4      0x1f0 build_ChungGame_embedded/link_phy.o
                0x000000000800e2e4                fsm_link_phy_state_handle(ak_msg_t*)
 .text._Z13task_link_phyP8ak_msg_t
                0x000000000800e4d4        0xc build_ChungGame_embedded/link_phy.o
                0x000000000800e4d4                task_link_phy(ak_msg_t*)
 .text._Z23fsm_link_phy_state_initP8ak_msg_t
                0x000000000800e4e0       0x90 build_ChungGame_embedded/link_phy.o
                0x000000000800e4e0                fsm_link_phy_state_init(ak_msg_t*)
 .text._Z26link_phy_get_send_frame_tov
                0x000000000800e570       0x10 build_ChungGame_embedded/link_phy.o
                0x000000000800e570                link_phy_get_send_frame_to()
 .text._Z13link_pdu_initv
                0x000000000800e580       0x54 build_ChungGame_embedded/link_data.o
                0x000000000800e580                link_pdu_init()
 .text._Z15link_pdu_mallocv
                0x000000000800e5d4       0x24 build_ChungGame_embedded/link_data.o
                0x000000000800e5d4                link_pdu_malloc()
 .text._Z12link_pdu_getm
                0x000000000800e5f8       0x3c build_ChungGame_embedded/link_data.o
                0x000000000800e5f8                link_pdu_get(unsigned long)
 .text._Z13link_pdu_freem
                0x000000000800e634       0x4c build_ChungGame_embedded/link_data.o
                0x000000000800e634                link_pdu_free(unsigned long)
 .text._Z17link_get_src_addrv
                0x000000000800e680       0x18 build_ChungGame_embedded/link_data.o
                0x000000000800e680                link_get_src_addr()
 .text._Z17link_get_des_addrv
                0x000000000800e698       0x18 build_ChungGame_embedded/link_data.o
                0x000000000800e698                link_get_des_addr()
 .text._Z7pinModehh
                0x000000000800e6b0       0x84 build_ChungGame_embedded/wiring_digital.o
                0x000000000800e6b0                pinMode(unsigned char, unsigned char)
 .text._Z12digitalWritehh
                0x000000000800e734       0x78 build_ChungGame_embedded/wiring_digital.o
                0x000000000800e734                digitalWrite(unsigned char, unsigned char)
 .text._ZN5Print5writeEPKhj
                0x000000000800e7ac       0x22 build_ChungGame_embedded/Print.o
                0x000000000800e7ac                Print::write(unsigned char const*, unsigned int)
 .text._ZN5Print5writeEPKc
                0x000000000800e7ce       0x20 build_ChungGame_embedded/Print.o
                0x000000000800e7ce                Print::write(char const*)
 .text._ZN5Print5printEPKc
                0x000000000800e7ee        0x8 build_ChungGame_embedded/Print.o
                0x000000000800e7ee                Print::print(char const*)
 .text._ZN14HardwareSerial9availableEv
                0x000000000800e7f6        0xa build_ChungGame_embedded/HardwareSerial.o
                0x000000000800e7f6                HardwareSerial::available()
 .text._ZN14HardwareSerial4peekEv
                0x000000000800e800       0x14 build_ChungGame_embedded/HardwareSerial.o
                0x000000000800e800                HardwareSerial::peek()
 .text._ZN14HardwareSerial4readEv
                0x000000000800e814       0x20 build_ChungGame_embedded/HardwareSerial.o
                0x000000000800e814                HardwareSerial::read()
 .text._ZN14HardwareSerial5flushEv
                0x000000000800e834        0x2 build_ChungGame_embedded/HardwareSerial.o
                0x000000000800e834                HardwareSerial::flush()
 .text._ZN14HardwareSerial17availableForWriteEv
                0x000000000800e836       0x26 build_ChungGame_embedded/HardwareSerial.o
                0x000000000800e836                HardwareSerial::availableForWrite()
 .text._ZN14HardwareSerial5writeEh
                0x000000000800e85c       0x30 build_ChungGame_embedded/HardwareSerial.o
                0x000000000800e85c                HardwareSerial::write(unsigned char)
 .text._ZL20serial2_trigger_putcv
                0x000000000800e88c       0x10 build_ChungGame_embedded/HardwareSerial2.o
 .text.startup._GLOBAL__sub_I_Serial2
                0x000000000800e89c       0x34 build_ChungGame_embedded/HardwareSerial2.o
 .text._ZN8SPIClass9io_configEv
                0x000000000800e8d0       0x68 build_ChungGame_embedded/SPI.o
                0x000000000800e8d0                SPIClass::io_config()
 .text._ZN8SPIClass5beginEv
                0x000000000800e938       0xd0 build_ChungGame_embedded/SPI.o
                0x000000000800e938                SPIClass::begin()
 .text.startup._GLOBAL__sub_I__ZN8SPIClassC2Ev
                0x000000000800ea08       0x14 build_ChungGame_embedded/SPI.o
 .text._ZN7TwoWire9availableEv
                0x000000000800ea1c       0x14 build_ChungGame_embedded/Wire.o
                0x000000000800ea1c                TwoWire::available()
 .text._ZN7TwoWire4readEv
                0x000000000800ea30       0x28 build_ChungGame_embedded/Wire.o
                0x000000000800ea30                TwoWire::read()